<?xml version="1.0" encoding="ISO-8859-1" ?>
<link_info>
   <banner>MSP430 Linker PC v20.2.2.LTS</banner>
   <copyright>Copyright (c) 2003-2018 Texas Instruments Incorporated</copyright>
   <link_time>0x62562a35</link_time>
   <link_errors>0x0</link_errors>
   <output_file>MSP430-TRACTIAN.out</output_file>
   <entry_point>
      <name>_c_int00_noargs_mpu</name>
      <address>0x8592</address>
   </entry_point>
   <input_file_list>
      <input_file id="fl-2">
         <path>.\</path>
         <kind>object</kind>
         <file>main.obj</file>
         <name>main.obj</name>
      </input_file>
      <input_file id="fl-8">
         <kind>object</kind>
         <file>&lt;internal&gt;</file>
         <name>&lt;internal&gt;</name>
      </input_file>
      <input_file id="fl-23">
         <path>D:\TI\ccs\tools\compiler\ti-cgt-msp430_20.2.2.LTS\lib\</path>
         <kind>archive</kind>
         <file>rts430x_lc_sd_eabi.lib</file>
         <name>copy_decompress_lzss.c.obj</name>
      </input_file>
      <input_file id="fl-24">
         <path>D:\TI\ccs\tools\compiler\ti-cgt-msp430_20.2.2.LTS\lib\</path>
         <kind>archive</kind>
         <file>rts430x_lc_sd_eabi.lib</file>
         <name>copy_decompress_none.c.obj</name>
      </input_file>
      <input_file id="fl-25">
         <path>D:\TI\ccs\tools\compiler\ti-cgt-msp430_20.2.2.LTS\lib\</path>
         <kind>archive</kind>
         <file>rts430x_lc_sd_eabi.lib</file>
         <name>int20.asm.obj</name>
      </input_file>
      <input_file id="fl-26">
         <path>D:\TI\ccs\tools\compiler\ti-cgt-msp430_20.2.2.LTS\lib\</path>
         <kind>archive</kind>
         <file>rts430x_lc_sd_eabi.lib</file>
         <name>isr_trap.asm.obj</name>
      </input_file>
      <input_file id="fl-27">
         <path>D:\TI\ccs\tools\compiler\ti-cgt-msp430_20.2.2.LTS\lib\</path>
         <kind>archive</kind>
         <file>rts430x_lc_sd_eabi.lib</file>
         <name>int21.asm.obj</name>
      </input_file>
      <input_file id="fl-28">
         <path>D:\TI\ccs\tools\compiler\ti-cgt-msp430_20.2.2.LTS\lib\</path>
         <kind>archive</kind>
         <file>rts430x_lc_sd_eabi.lib</file>
         <name>int22.asm.obj</name>
      </input_file>
      <input_file id="fl-29">
         <path>D:\TI\ccs\tools\compiler\ti-cgt-msp430_20.2.2.LTS\lib\</path>
         <kind>archive</kind>
         <file>rts430x_lc_sd_eabi.lib</file>
         <name>int23.asm.obj</name>
      </input_file>
      <input_file id="fl-2a">
         <path>D:\TI\ccs\tools\compiler\ti-cgt-msp430_20.2.2.LTS\lib\</path>
         <kind>archive</kind>
         <file>rts430x_lc_sd_eabi.lib</file>
         <name>int24.asm.obj</name>
      </input_file>
      <input_file id="fl-2b">
         <path>D:\TI\ccs\tools\compiler\ti-cgt-msp430_20.2.2.LTS\lib\</path>
         <kind>archive</kind>
         <file>rts430x_lc_sd_eabi.lib</file>
         <name>int25.asm.obj</name>
      </input_file>
      <input_file id="fl-2c">
         <path>D:\TI\ccs\tools\compiler\ti-cgt-msp430_20.2.2.LTS\lib\</path>
         <kind>archive</kind>
         <file>rts430x_lc_sd_eabi.lib</file>
         <name>int26.asm.obj</name>
      </input_file>
      <input_file id="fl-2d">
         <path>D:\TI\ccs\tools\compiler\ti-cgt-msp430_20.2.2.LTS\lib\</path>
         <kind>archive</kind>
         <file>rts430x_lc_sd_eabi.lib</file>
         <name>int27.asm.obj</name>
      </input_file>
      <input_file id="fl-2e">
         <path>D:\TI\ccs\tools\compiler\ti-cgt-msp430_20.2.2.LTS\lib\</path>
         <kind>archive</kind>
         <file>rts430x_lc_sd_eabi.lib</file>
         <name>int29.asm.obj</name>
      </input_file>
      <input_file id="fl-2f">
         <path>D:\TI\ccs\tools\compiler\ti-cgt-msp430_20.2.2.LTS\lib\</path>
         <kind>archive</kind>
         <file>rts430x_lc_sd_eabi.lib</file>
         <name>int30.asm.obj</name>
      </input_file>
      <input_file id="fl-30">
         <path>D:\TI\ccs\tools\compiler\ti-cgt-msp430_20.2.2.LTS\lib\</path>
         <kind>archive</kind>
         <file>rts430x_lc_sd_eabi.lib</file>
         <name>int31.asm.obj</name>
      </input_file>
      <input_file id="fl-31">
         <path>D:\TI\ccs\tools\compiler\ti-cgt-msp430_20.2.2.LTS\lib\</path>
         <kind>archive</kind>
         <file>rts430x_lc_sd_eabi.lib</file>
         <name>int32.asm.obj</name>
      </input_file>
      <input_file id="fl-32">
         <path>D:\TI\ccs\tools\compiler\ti-cgt-msp430_20.2.2.LTS\lib\</path>
         <kind>archive</kind>
         <file>rts430x_lc_sd_eabi.lib</file>
         <name>int33.asm.obj</name>
      </input_file>
      <input_file id="fl-33">
         <path>D:\TI\ccs\tools\compiler\ti-cgt-msp430_20.2.2.LTS\lib\</path>
         <kind>archive</kind>
         <file>rts430x_lc_sd_eabi.lib</file>
         <name>int34.asm.obj</name>
      </input_file>
      <input_file id="fl-34">
         <path>D:\TI\ccs\tools\compiler\ti-cgt-msp430_20.2.2.LTS\lib\</path>
         <kind>archive</kind>
         <file>rts430x_lc_sd_eabi.lib</file>
         <name>int35.asm.obj</name>
      </input_file>
      <input_file id="fl-35">
         <path>D:\TI\ccs\tools\compiler\ti-cgt-msp430_20.2.2.LTS\lib\</path>
         <kind>archive</kind>
         <file>rts430x_lc_sd_eabi.lib</file>
         <name>int36.asm.obj</name>
      </input_file>
      <input_file id="fl-36">
         <path>D:\TI\ccs\tools\compiler\ti-cgt-msp430_20.2.2.LTS\lib\</path>
         <kind>archive</kind>
         <file>rts430x_lc_sd_eabi.lib</file>
         <name>int37.asm.obj</name>
      </input_file>
      <input_file id="fl-37">
         <path>D:\TI\ccs\tools\compiler\ti-cgt-msp430_20.2.2.LTS\lib\</path>
         <kind>archive</kind>
         <file>rts430x_lc_sd_eabi.lib</file>
         <name>int38.asm.obj</name>
      </input_file>
      <input_file id="fl-38">
         <path>D:\TI\ccs\tools\compiler\ti-cgt-msp430_20.2.2.LTS\lib\</path>
         <kind>archive</kind>
         <file>rts430x_lc_sd_eabi.lib</file>
         <name>int39.asm.obj</name>
      </input_file>
      <input_file id="fl-39">
         <path>D:\TI\ccs\tools\compiler\ti-cgt-msp430_20.2.2.LTS\lib\</path>
         <kind>archive</kind>
         <file>rts430x_lc_sd_eabi.lib</file>
         <name>int40.asm.obj</name>
      </input_file>
      <input_file id="fl-3a">
         <path>D:\TI\ccs\tools\compiler\ti-cgt-msp430_20.2.2.LTS\lib\</path>
         <kind>archive</kind>
         <file>rts430x_lc_sd_eabi.lib</file>
         <name>int41.asm.obj</name>
      </input_file>
      <input_file id="fl-3b">
         <path>D:\TI\ccs\tools\compiler\ti-cgt-msp430_20.2.2.LTS\lib\</path>
         <kind>archive</kind>
         <file>rts430x_lc_sd_eabi.lib</file>
         <name>int42.asm.obj</name>
      </input_file>
      <input_file id="fl-3c">
         <path>D:\TI\ccs\tools\compiler\ti-cgt-msp430_20.2.2.LTS\lib\</path>
         <kind>archive</kind>
         <file>rts430x_lc_sd_eabi.lib</file>
         <name>int44.asm.obj</name>
      </input_file>
      <input_file id="fl-3d">
         <path>D:\TI\ccs\tools\compiler\ti-cgt-msp430_20.2.2.LTS\lib\</path>
         <kind>archive</kind>
         <file>rts430x_lc_sd_eabi.lib</file>
         <name>int45.asm.obj</name>
      </input_file>
      <input_file id="fl-3e">
         <path>D:\TI\ccs\tools\compiler\ti-cgt-msp430_20.2.2.LTS\lib\</path>
         <kind>archive</kind>
         <file>rts430x_lc_sd_eabi.lib</file>
         <name>copy_zero_init.c.obj</name>
      </input_file>
      <input_file id="fl-3f">
         <path>D:\TI\ccs\tools\compiler\ti-cgt-msp430_20.2.2.LTS\lib\</path>
         <kind>archive</kind>
         <file>rts430x_lc_sd_eabi.lib</file>
         <name>cpy_util.asm.obj</name>
      </input_file>
      <input_file id="fl-40">
         <path>D:\TI\ccs\tools\compiler\ti-cgt-msp430_20.2.2.LTS\lib\</path>
         <kind>archive</kind>
         <file>rts430x_lc_sd_eabi.lib</file>
         <name>div16s.asm.obj</name>
      </input_file>
      <input_file id="fl-41">
         <path>D:\TI\ccs\tools\compiler\ti-cgt-msp430_20.2.2.LTS\lib\</path>
         <kind>archive</kind>
         <file>rts430x_lc_sd_eabi.lib</file>
         <name>div16u.asm.obj</name>
      </input_file>
      <input_file id="fl-42">
         <path>D:\TI\ccs\tools\compiler\ti-cgt-msp430_20.2.2.LTS\lib\</path>
         <kind>archive</kind>
         <file>rts430x_lc_sd_eabi.lib</file>
         <name>mult16.asm.obj</name>
      </input_file>
      <input_file id="fl-43">
         <path>D:\TI\ccs\tools\compiler\ti-cgt-msp430_20.2.2.LTS\lib\</path>
         <kind>archive</kind>
         <file>rts430x_lc_sd_eabi.lib</file>
         <name>mult16_f5hw.asm.obj</name>
      </input_file>
      <input_file id="fl-44">
         <path>D:\TI\ccs\tools\compiler\ti-cgt-msp430_20.2.2.LTS\lib\</path>
         <kind>archive</kind>
         <file>rts430x_lc_sd_eabi.lib</file>
         <name>mult32_f5hw.asm.obj</name>
      </input_file>
      <input_file id="fl-45">
         <path>D:\TI\ccs\tools\compiler\ti-cgt-msp430_20.2.2.LTS\lib\</path>
         <kind>archive</kind>
         <file>rts430x_lc_sd_eabi.lib</file>
         <name>mult64_f5hw.asm.obj</name>
      </input_file>
      <input_file id="fl-46">
         <path>D:\TI\ccs\tools\compiler\ti-cgt-msp430_20.2.2.LTS\lib\</path>
         <kind>archive</kind>
         <file>rts430x_lc_sd_eabi.lib</file>
         <name>mult1632_f5hw.asm.obj</name>
      </input_file>
      <input_file id="fl-47">
         <path>D:\TI\ccs\tools\compiler\ti-cgt-msp430_20.2.2.LTS\lib\</path>
         <kind>archive</kind>
         <file>rts430x_lc_sd_eabi.lib</file>
         <name>mult3264_f5hw.asm.obj</name>
      </input_file>
      <input_file id="fl-48">
         <path>D:\TI\ccs\tools\compiler\ti-cgt-msp430_20.2.2.LTS\lib\</path>
         <kind>archive</kind>
         <file>rts430x_lc_sd_eabi.lib</file>
         <name>assert.c.obj</name>
      </input_file>
      <input_file id="fl-49">
         <path>D:\TI\ccs\tools\compiler\ti-cgt-msp430_20.2.2.LTS\lib\</path>
         <kind>archive</kind>
         <file>rts430x_lc_sd_eabi.lib</file>
         <name>boot.c.obj</name>
      </input_file>
      <input_file id="fl-4a">
         <path>D:\TI\ccs\ccs_base\msp430\lib\FR2xx\</path>
         <kind>archive</kind>
         <file>FRWP_INIT_LIB_CCS_msp430_large_code_small_data.lib</file>
         <name>frwp_init.obj</name>
      </input_file>
      <input_file id="fl-4b">
         <path>D:\TI\ccs\tools\compiler\ti-cgt-msp430_20.2.2.LTS\lib\</path>
         <kind>archive</kind>
         <file>rts430x_lc_sd_eabi.lib</file>
         <name>args_main.c.obj</name>
      </input_file>
      <input_file id="fl-4c">
         <path>D:\TI\ccs\tools\compiler\ti-cgt-msp430_20.2.2.LTS\lib\</path>
         <kind>archive</kind>
         <file>rts430x_lc_sd_eabi.lib</file>
         <name>autoinit.c.obj</name>
      </input_file>
      <input_file id="fl-4d">
         <path>D:\TI\ccs\tools\compiler\ti-cgt-msp430_20.2.2.LTS\lib\</path>
         <kind>archive</kind>
         <file>rts430x_lc_sd_eabi.lib</file>
         <name>defs.c.obj</name>
      </input_file>
      <input_file id="fl-4e">
         <path>D:\TI\ccs\tools\compiler\ti-cgt-msp430_20.2.2.LTS\lib\</path>
         <kind>archive</kind>
         <file>rts430x_lc_sd_eabi.lib</file>
         <name>startup.c.obj</name>
      </input_file>
      <input_file id="fl-4f">
         <path>D:\TI\ccs\tools\compiler\ti-cgt-msp430_20.2.2.LTS\lib\</path>
         <kind>archive</kind>
         <file>rts430x_lc_sd_eabi.lib</file>
         <name>pre_init.c.obj</name>
      </input_file>
      <input_file id="fl-50">
         <path>D:\TI\ccs\tools\compiler\ti-cgt-msp430_20.2.2.LTS\lib\</path>
         <kind>archive</kind>
         <file>rts430x_lc_sd_eabi.lib</file>
         <name>exit.c.obj</name>
      </input_file>
      <input_file id="fl-51">
         <path>D:\TI\ccs\tools\compiler\ti-cgt-msp430_20.2.2.LTS\lib\</path>
         <kind>archive</kind>
         <file>rts430x_lc_sd_eabi.lib</file>
         <name>exit_gvars.c.obj</name>
      </input_file>
      <input_file id="fl-52">
         <path>D:\TI\ccs\tools\compiler\ti-cgt-msp430_20.2.2.LTS\lib\</path>
         <kind>archive</kind>
         <file>rts430x_lc_sd_eabi.lib</file>
         <name>_lock.c.obj</name>
      </input_file>
      <input_file id="fl-53">
         <path>D:\TI\ccs\tools\compiler\ti-cgt-msp430_20.2.2.LTS\lib\</path>
         <kind>archive</kind>
         <file>rts430x_lc_sd_eabi.lib</file>
         <name>cpy_tbl.c.obj</name>
      </input_file>
      <input_file id="fl-54">
         <path>D:\TI\ccs\tools\compiler\ti-cgt-msp430_20.2.2.LTS\lib\</path>
         <kind>archive</kind>
         <file>rts430x_lc_sd_eabi.lib</file>
         <name>fflush.c.obj</name>
      </input_file>
      <input_file id="fl-55">
         <path>D:\TI\ccs\tools\compiler\ti-cgt-msp430_20.2.2.LTS\lib\</path>
         <kind>archive</kind>
         <file>rts430x_lc_sd_eabi.lib</file>
         <name>fputs.c.obj</name>
      </input_file>
      <input_file id="fl-56">
         <path>D:\TI\ccs\tools\compiler\ti-cgt-msp430_20.2.2.LTS\lib\</path>
         <kind>archive</kind>
         <file>rts430x_lc_sd_eabi.lib</file>
         <name>_io_perm.c.obj</name>
      </input_file>
      <input_file id="fl-57">
         <path>D:\TI\ccs\tools\compiler\ti-cgt-msp430_20.2.2.LTS\lib\</path>
         <kind>archive</kind>
         <file>rts430x_lc_sd_eabi.lib</file>
         <name>fseek.c.obj</name>
      </input_file>
      <input_file id="fl-58">
         <path>D:\TI\ccs\tools\compiler\ti-cgt-msp430_20.2.2.LTS\lib\</path>
         <kind>archive</kind>
         <file>rts430x_lc_sd_eabi.lib</file>
         <name>lseek.c.obj</name>
      </input_file>
      <input_file id="fl-59">
         <path>D:\TI\ccs\tools\compiler\ti-cgt-msp430_20.2.2.LTS\lib\</path>
         <kind>archive</kind>
         <file>rts430x_lc_sd_eabi.lib</file>
         <name>host_device.c.obj</name>
      </input_file>
      <input_file id="fl-5a">
         <path>D:\TI\ccs\tools\compiler\ti-cgt-msp430_20.2.2.LTS\lib\</path>
         <kind>archive</kind>
         <file>rts430x_lc_sd_eabi.lib</file>
         <name>hostclose.c.obj</name>
      </input_file>
      <input_file id="fl-5b">
         <path>D:\TI\ccs\tools\compiler\ti-cgt-msp430_20.2.2.LTS\lib\</path>
         <kind>archive</kind>
         <file>rts430x_lc_sd_eabi.lib</file>
         <name>hostlseek.c.obj</name>
      </input_file>
      <input_file id="fl-5c">
         <path>D:\TI\ccs\tools\compiler\ti-cgt-msp430_20.2.2.LTS\lib\</path>
         <kind>archive</kind>
         <file>rts430x_lc_sd_eabi.lib</file>
         <name>hostopen.c.obj</name>
      </input_file>
      <input_file id="fl-5d">
         <path>D:\TI\ccs\tools\compiler\ti-cgt-msp430_20.2.2.LTS\lib\</path>
         <kind>archive</kind>
         <file>rts430x_lc_sd_eabi.lib</file>
         <name>hostread.c.obj</name>
      </input_file>
      <input_file id="fl-5e">
         <path>D:\TI\ccs\tools\compiler\ti-cgt-msp430_20.2.2.LTS\lib\</path>
         <kind>archive</kind>
         <file>rts430x_lc_sd_eabi.lib</file>
         <name>hostrename.c.obj</name>
      </input_file>
      <input_file id="fl-5f">
         <path>D:\TI\ccs\tools\compiler\ti-cgt-msp430_20.2.2.LTS\lib\</path>
         <kind>archive</kind>
         <file>rts430x_lc_sd_eabi.lib</file>
         <name>hostunlink.c.obj</name>
      </input_file>
      <input_file id="fl-60">
         <path>D:\TI\ccs\tools\compiler\ti-cgt-msp430_20.2.2.LTS\lib\</path>
         <kind>archive</kind>
         <file>rts430x_lc_sd_eabi.lib</file>
         <name>hostwrite.c.obj</name>
      </input_file>
      <input_file id="fl-61">
         <path>D:\TI\ccs\tools\compiler\ti-cgt-msp430_20.2.2.LTS\lib\</path>
         <kind>archive</kind>
         <file>rts430x_lc_sd_eabi.lib</file>
         <name>trgmsg.c.obj</name>
      </input_file>
      <input_file id="fl-62">
         <path>D:\TI\ccs\tools\compiler\ti-cgt-msp430_20.2.2.LTS\lib\</path>
         <kind>archive</kind>
         <file>rts430x_lc_sd_eabi.lib</file>
         <name>lsl32.asm.obj</name>
      </input_file>
      <input_file id="fl-63">
         <path>D:\TI\ccs\tools\compiler\ti-cgt-msp430_20.2.2.LTS\lib\</path>
         <kind>archive</kind>
         <file>rts430x_lc_sd_eabi.lib</file>
         <name>memchr.c.obj</name>
      </input_file>
      <input_file id="fl-64">
         <path>D:\TI\ccs\tools\compiler\ti-cgt-msp430_20.2.2.LTS\lib\</path>
         <kind>archive</kind>
         <file>rts430x_lc_sd_eabi.lib</file>
         <name>memcpy.c.obj</name>
      </input_file>
      <input_file id="fl-65">
         <path>D:\TI\ccs\tools\compiler\ti-cgt-msp430_20.2.2.LTS\lib\</path>
         <kind>archive</kind>
         <file>rts430x_lc_sd_eabi.lib</file>
         <name>setvbuf.c.obj</name>
      </input_file>
      <input_file id="fl-66">
         <path>D:\TI\ccs\tools\compiler\ti-cgt-msp430_20.2.2.LTS\lib\</path>
         <kind>archive</kind>
         <file>rts430x_lc_sd_eabi.lib</file>
         <name>fopen.c.obj</name>
      </input_file>
      <input_file id="fl-67">
         <path>D:\TI\ccs\tools\compiler\ti-cgt-msp430_20.2.2.LTS\lib\</path>
         <kind>archive</kind>
         <file>rts430x_lc_sd_eabi.lib</file>
         <name>fclose.c.obj</name>
      </input_file>
      <input_file id="fl-68">
         <path>D:\TI\ccs\tools\compiler\ti-cgt-msp430_20.2.2.LTS\lib\</path>
         <kind>archive</kind>
         <file>rts430x_lc_sd_eabi.lib</file>
         <name>close.c.obj</name>
      </input_file>
      <input_file id="fl-69">
         <path>D:\TI\ccs\tools\compiler\ti-cgt-msp430_20.2.2.LTS\lib\</path>
         <kind>archive</kind>
         <file>rts430x_lc_sd_eabi.lib</file>
         <name>memory.c.obj</name>
      </input_file>
      <input_file id="fl-6a">
         <path>D:\TI\ccs\tools\compiler\ti-cgt-msp430_20.2.2.LTS\lib\</path>
         <kind>archive</kind>
         <file>rts430x_lc_sd_eabi.lib</file>
         <name>memset.c.obj</name>
      </input_file>
      <input_file id="fl-6b">
         <path>D:\TI\ccs\tools\compiler\ti-cgt-msp430_20.2.2.LTS\lib\</path>
         <kind>archive</kind>
         <file>rts430x_lc_sd_eabi.lib</file>
         <name>open.c.obj</name>
      </input_file>
      <input_file id="fl-6c">
         <path>D:\TI\ccs\tools\compiler\ti-cgt-msp430_20.2.2.LTS\lib\</path>
         <kind>archive</kind>
         <file>rts430x_lc_sd_eabi.lib</file>
         <name>getdevice.c.obj</name>
      </input_file>
      <input_file id="fl-6d">
         <path>D:\TI\ccs\tools\compiler\ti-cgt-msp430_20.2.2.LTS\lib\</path>
         <kind>archive</kind>
         <file>rts430x_lc_sd_eabi.lib</file>
         <name>remove.c.obj</name>
      </input_file>
      <input_file id="fl-6e">
         <path>D:\TI\ccs\tools\compiler\ti-cgt-msp430_20.2.2.LTS\lib\</path>
         <kind>archive</kind>
         <file>rts430x_lc_sd_eabi.lib</file>
         <name>strchr.c.obj</name>
      </input_file>
      <input_file id="fl-6f">
         <path>D:\TI\ccs\tools\compiler\ti-cgt-msp430_20.2.2.LTS\lib\</path>
         <kind>archive</kind>
         <file>rts430x_lc_sd_eabi.lib</file>
         <name>strcmp.c.obj</name>
      </input_file>
      <input_file id="fl-70">
         <path>D:\TI\ccs\tools\compiler\ti-cgt-msp430_20.2.2.LTS\lib\</path>
         <kind>archive</kind>
         <file>rts430x_lc_sd_eabi.lib</file>
         <name>strcpy.c.obj</name>
      </input_file>
      <input_file id="fl-71">
         <path>D:\TI\ccs\tools\compiler\ti-cgt-msp430_20.2.2.LTS\lib\</path>
         <kind>archive</kind>
         <file>rts430x_lc_sd_eabi.lib</file>
         <name>strlen.c.obj</name>
      </input_file>
      <input_file id="fl-72">
         <path>D:\TI\ccs\tools\compiler\ti-cgt-msp430_20.2.2.LTS\lib\</path>
         <kind>archive</kind>
         <file>rts430x_lc_sd_eabi.lib</file>
         <name>strncpy.c.obj</name>
      </input_file>
      <input_file id="fl-73">
         <path>D:\TI\ccs\tools\compiler\ti-cgt-msp430_20.2.2.LTS\lib\</path>
         <kind>archive</kind>
         <file>rts430x_lc_sd_eabi.lib</file>
         <name>unlink.c.obj</name>
      </input_file>
      <input_file id="fl-74">
         <path>D:\TI\ccs\tools\compiler\ti-cgt-msp430_20.2.2.LTS\lib\</path>
         <kind>archive</kind>
         <file>rts430x_lc_sd_eabi.lib</file>
         <name>write.c.obj</name>
      </input_file>
   </input_file_list>
   <object_component_list>
      <object_component id="oc-72b">
         <name>.cio</name>
         <load_address>0x8000</load_address>
         <run_address>0x8000</run_address>
         <size>0x120</size>
         <input_file_ref idref="fl-61"/>
      </object_component>
      <object_component id="oc-43e">
         <name>.sysmem</name>
         <load_address>0x8120</load_address>
         <run_address>0x8120</run_address>
         <size>0x8</size>
         <input_file_ref idref="fl-69"/>
      </object_component>
      <object_component id="oc-7e3">
         <name>.sysmem</name>
         <load_address>0x8120</load_address>
         <run_address>0x8120</run_address>
         <size>0x0</size>
      </object_component>
      <object_component id="oc-7e1">
         <name>.cinit..data.load</name>
         <load_address>0x8400</load_address>
         <run_address>0x8400</run_address>
         <size>0x5e</size>
      </object_component>
      <object_component id="oc-7de">
         <name>__TI_handler_table</name>
         <load_address>0x845e</load_address>
         <run_address>0x845e</run_address>
         <size>0xc</size>
      </object_component>
      <object_component id="oc-7e0">
         <name>.cinit..bss.load</name>
         <load_address>0x846a</load_address>
         <run_address>0x846a</run_address>
         <size>0x6</size>
      </object_component>
      <object_component id="oc-7df">
         <name>__TI_cinit_table</name>
         <load_address>0x8470</load_address>
         <run_address>0x8470</run_address>
         <size>0x10</size>
      </object_component>
      <object_component id="oc-77d">
         <name>.binit</name>
         <load_address>0x8480</load_address>
         <run_address>0x8480</run_address>
         <size>0x0</size>
      </object_component>
      <object_component id="oc-564">
         <name>.const:.string</name>
         <load_address>0x8480</load_address>
         <run_address>0x8480</run_address>
         <size>0x8c</size>
         <input_file_ref idref="fl-2"/>
      </object_component>
      <object_component id="oc-45d">
         <name>.text:_isr:EUSCI_B1_I2C_ISR</name>
         <load_address>0x850c</load_address>
         <run_address>0x850c</run_address>
         <size>0x86</size>
         <input_file_ref idref="fl-2"/>
      </object_component>
      <object_component id="oc-493">
         <name>.text:_isr:_c_int00_noargs_mpu</name>
         <load_address>0x8592</load_address>
         <run_address>0x8592</run_address>
         <size>0x20</size>
         <input_file_ref idref="fl-49"/>
      </object_component>
      <object_component id="oc-463">
         <name>.text:_isr:Timer_A</name>
         <load_address>0x85b2</load_address>
         <run_address>0x85b2</run_address>
         <size>0xa</size>
         <input_file_ref idref="fl-2"/>
      </object_component>
      <object_component id="oc-458">
         <name>.text:_isr:__TI_ISR_TRAP</name>
         <load_address>0x85bc</load_address>
         <run_address>0x85bc</run_address>
         <size>0x8</size>
         <input_file_ref idref="fl-26"/>
      </object_component>
      <object_component id="oc-693">
         <name>.text:aligned_alloc</name>
         <load_address>0x10000</load_address>
         <run_address>0x10000</run_address>
         <size>0xf0</size>
         <input_file_ref idref="fl-69"/>
      </object_component>
      <object_component id="oc-69">
         <name>.text:decompress:lzss:__TI_decompress_lzss</name>
         <load_address>0x100f0</load_address>
         <run_address>0x100f0</run_address>
         <size>0xee</size>
         <input_file_ref idref="fl-23"/>
      </object_component>
      <object_component id="oc-5a7">
         <name>.text:fputs</name>
         <load_address>0x101de</load_address>
         <run_address>0x101de</run_address>
         <size>0xde</size>
         <input_file_ref idref="fl-55"/>
      </object_component>
      <object_component id="oc-651">
         <name>.text:free</name>
         <load_address>0x102bc</load_address>
         <run_address>0x102bc</run_address>
         <size>0xd2</size>
         <input_file_ref idref="fl-69"/>
      </object_component>
      <object_component id="oc-62f">
         <name>.text:setvbuf</name>
         <load_address>0x1038e</load_address>
         <run_address>0x1038e</run_address>
         <size>0xcc</size>
         <input_file_ref idref="fl-65"/>
      </object_component>
      <object_component id="oc-4cc">
         <name>.text:main</name>
         <load_address>0x1045a</load_address>
         <run_address>0x1045a</run_address>
         <size>0x90</size>
         <input_file_ref idref="fl-2"/>
      </object_component>
      <object_component id="oc-6bb">
         <name>.text:HOSTlseek</name>
         <load_address>0x104ea</load_address>
         <run_address>0x104ea</run_address>
         <size>0x82</size>
         <input_file_ref idref="fl-5b"/>
      </object_component>
      <object_component id="oc-5e8">
         <name>.text:__TI_wrt_ok</name>
         <load_address>0x1056c</load_address>
         <run_address>0x1056c</run_address>
         <size>0x7a</size>
         <input_file_ref idref="fl-56"/>
      </object_component>
      <object_component id="oc-6c7">
         <name>.text:HOSTrename</name>
         <load_address>0x105e6</load_address>
         <run_address>0x105e6</run_address>
         <size>0x6a</size>
         <input_file_ref idref="fl-5e"/>
      </object_component>
      <object_component id="oc-53d">
         <name>.text:__TI_auto_init_nobinit_nopinit_hold_wdt:__TI_auto_init_nobinit_nopinit_hold_wdt</name>
         <load_address>0x10650</load_address>
         <run_address>0x10650</run_address>
         <size>0x6a</size>
         <input_file_ref idref="fl-4c"/>
      </object_component>
      <object_component id="oc-629">
         <name>.text:fseek</name>
         <load_address>0x106ba</load_address>
         <run_address>0x106ba</run_address>
         <size>0x6a</size>
         <input_file_ref idref="fl-57"/>
      </object_component>
      <object_component id="oc-69a">
         <name>.text:__TI_closefile</name>
         <load_address>0x10724</load_address>
         <run_address>0x10724</run_address>
         <size>0x68</size>
         <input_file_ref idref="fl-67"/>
      </object_component>
      <object_component id="oc-6db">
         <name>.text:split</name>
         <load_address>0x1078c</load_address>
         <run_address>0x1078c</run_address>
         <size>0x68</size>
         <input_file_ref idref="fl-69"/>
      </object_component>
      <object_component id="oc-6a3">
         <name>.text:HOSTopen</name>
         <load_address>0x107f4</load_address>
         <run_address>0x107f4</run_address>
         <size>0x64</size>
         <input_file_ref idref="fl-5c"/>
      </object_component>
      <object_component id="oc-5fa">
         <name>.text:__TI_doflush</name>
         <load_address>0x10858</load_address>
         <run_address>0x10858</run_address>
         <size>0x62</size>
         <input_file_ref idref="fl-54"/>
      </object_component>
      <object_component id="oc-6b5">
         <name>.text:HOSTwrite</name>
         <load_address>0x108ba</load_address>
         <run_address>0x108ba</run_address>
         <size>0x60</size>
         <input_file_ref idref="fl-60"/>
      </object_component>
      <object_component id="oc-6af">
         <name>.text:HOSTread</name>
         <load_address>0x1091a</load_address>
         <run_address>0x1091a</run_address>
         <size>0x5e</size>
         <input_file_ref idref="fl-5d"/>
      </object_component>
      <object_component id="oc-5ad">
         <name>.text:fflush</name>
         <load_address>0x10978</load_address>
         <run_address>0x10978</run_address>
         <size>0x54</size>
         <input_file_ref idref="fl-54"/>
      </object_component>
      <object_component id="oc-71f">
         <name>.text:getdevice</name>
         <load_address>0x109cc</load_address>
         <run_address>0x109cc</run_address>
         <size>0x54</size>
         <input_file_ref idref="fl-6c"/>
      </object_component>
      <object_component id="oc-6e2">
         <name>.text:close</name>
         <load_address>0x10a20</load_address>
         <run_address>0x10a20</run_address>
         <size>0x4a</size>
         <input_file_ref idref="fl-68"/>
      </object_component>
      <object_component id="oc-505">
         <name>.text:start_I2C_B1</name>
         <load_address>0x10a6a</load_address>
         <run_address>0x10a6a</run_address>
         <size>0x4a</size>
         <input_file_ref idref="fl-2"/>
      </object_component>
      <object_component id="oc-511">
         <name>.text:BCDtoDecimal</name>
         <load_address>0x10ab4</load_address>
         <run_address>0x10ab4</run_address>
         <size>0x48</size>
         <input_file_ref idref="fl-2"/>
      </object_component>
      <object_component id="oc-51f">
         <name>.text:exit</name>
         <load_address>0x10afc</load_address>
         <run_address>0x10afc</run_address>
         <size>0x48</size>
         <input_file_ref idref="fl-50"/>
      </object_component>
      <object_component id="oc-6a9">
         <name>.text:HOSTclose</name>
         <load_address>0x10b44</load_address>
         <run_address>0x10b44</run_address>
         <size>0x46</size>
         <input_file_ref idref="fl-5a"/>
      </object_component>
      <object_component id="oc-6c1">
         <name>.text:HOSTunlink</name>
         <load_address>0x10b8a</load_address>
         <run_address>0x10b8a</run_address>
         <size>0x42</size>
         <input_file_ref idref="fl-5f"/>
      </object_component>
      <object_component id="oc-44c">
         <name>.text:__memcpy_far</name>
         <load_address>0x10bcc</load_address>
         <run_address>0x10bcc</run_address>
         <size>0x40</size>
         <input_file_ref idref="fl-3f"/>
      </object_component>
      <object_component id="oc-469">
         <name>.text:decompress:ZI:__TI_zero_init_nomemset:__TI_zero_init_nomemset</name>
         <load_address>0x10c0c</load_address>
         <run_address>0x10c0c</run_address>
         <size>0x3e</size>
         <input_file_ref idref="fl-3e"/>
      </object_component>
      <object_component id="oc-707">
         <name>.text:l_lsl_const</name>
         <load_address>0x10c4a</load_address>
         <run_address>0x10c4a</run_address>
         <size>0x3e</size>
         <input_file_ref idref="fl-62"/>
      </object_component>
      <object_component id="oc-4de">
         <name>.text:__mpu_init</name>
         <load_address>0x10c88</load_address>
         <run_address>0x10c88</run_address>
         <size>0x3c</size>
         <input_file_ref idref="fl-4a"/>
      </object_component>
      <object_component id="oc-6f">
         <name>.text:decompress:none:__TI_decompress_none</name>
         <load_address>0x10cc4</load_address>
         <run_address>0x10cc4</run_address>
         <size>0x3c</size>
         <input_file_ref idref="fl-24"/>
      </object_component>
      <object_component id="oc-65d">
         <name>.text:__TI_cleanup</name>
         <load_address>0x10d00</load_address>
         <run_address>0x10d00</run_address>
         <size>0x32</size>
         <input_file_ref idref="fl-66"/>
      </object_component>
      <object_component id="oc-6f4">
         <name>.text:__TI_writemsg</name>
         <load_address>0x10d32</load_address>
         <run_address>0x10d32</run_address>
         <size>0x2e</size>
         <input_file_ref idref="fl-61"/>
      </object_component>
      <object_component id="oc-74e">
         <name>.text:finddevice</name>
         <load_address>0x10d60</load_address>
         <run_address>0x10d60</run_address>
         <size>0x2e</size>
         <input_file_ref idref="fl-6c"/>
      </object_component>
      <object_component id="oc-6fa">
         <name>.text:__TI_readmsg</name>
         <load_address>0x10d8e</load_address>
         <run_address>0x10d8e</run_address>
         <size>0x2c</size>
         <input_file_ref idref="fl-61"/>
      </object_component>
      <object_component id="oc-748">
         <name>.text:strncpy</name>
         <load_address>0x10dba</load_address>
         <run_address>0x10dba</run_address>
         <size>0x2c</size>
         <input_file_ref idref="fl-72"/>
      </object_component>
      <object_component id="oc-6e9">
         <name>.text:unlink</name>
         <load_address>0x10de6</load_address>
         <run_address>0x10de6</run_address>
         <size>0x2a</size>
         <input_file_ref idref="fl-73"/>
      </object_component>
      <object_component id="oc-68c">
         <name>.text:free_list_insert</name>
         <load_address>0x10e10</load_address>
         <run_address>0x10e10</run_address>
         <size>0x28</size>
         <input_file_ref idref="fl-69"/>
      </object_component>
      <object_component id="oc-649">
         <name>.text:lseek</name>
         <load_address>0x10e38</load_address>
         <run_address>0x10e38</run_address>
         <size>0x26</size>
         <input_file_ref idref="fl-58"/>
      </object_component>
      <object_component id="oc-600">
         <name>.text:write</name>
         <load_address>0x10e5e</load_address>
         <run_address>0x10e5e</run_address>
         <size>0x24</size>
         <input_file_ref idref="fl-74"/>
      </object_component>
      <object_component id="oc-686">
         <name>.text:free_list_remove</name>
         <load_address>0x10e82</load_address>
         <run_address>0x10e82</run_address>
         <size>0x1c</size>
         <input_file_ref idref="fl-69"/>
      </object_component>
      <object_component id="oc-565">
         <name>.text:_abort_msg</name>
         <load_address>0x10e9e</load_address>
         <run_address>0x10e9e</run_address>
         <size>0x1a</size>
         <input_file_ref idref="fl-48"/>
      </object_component>
      <object_component id="oc-742">
         <name>.text:strchr</name>
         <load_address>0x10eb8</load_address>
         <run_address>0x10eb8</run_address>
         <size>0x1a</size>
         <input_file_ref idref="fl-6e"/>
      </object_component>
      <object_component id="oc-56b">
         <name>.text</name>
         <load_address>0x10ed2</load_address>
         <run_address>0x10ed2</run_address>
         <size>0x18</size>
         <input_file_ref idref="fl-43"/>
      </object_component>
      <object_component id="oc-767">
         <name>.text:strcmp</name>
         <load_address>0x10eea</load_address>
         <run_address>0x10eea</run_address>
         <size>0x18</size>
         <input_file_ref idref="fl-6f"/>
      </object_component>
      <object_component id="oc-50b">
         <name>.text:SetDateHour</name>
         <load_address>0x10f02</load_address>
         <run_address>0x10f02</run_address>
         <size>0x16</size>
         <input_file_ref idref="fl-2"/>
      </object_component>
      <object_component id="oc-5f4">
         <name>.text:memchr</name>
         <load_address>0x10f18</load_address>
         <run_address>0x10f18</run_address>
         <size>0x14</size>
         <input_file_ref idref="fl-63"/>
      </object_component>
      <object_component id="oc-5d7">
         <name>.text:memcpy</name>
         <load_address>0x10f2c</load_address>
         <run_address>0x10f2c</run_address>
         <size>0x12</size>
         <input_file_ref idref="fl-64"/>
      </object_component>
      <object_component id="oc-710">
         <name>.text:strcpy</name>
         <load_address>0x10f3e</load_address>
         <run_address>0x10f3e</run_address>
         <size>0x10</size>
         <input_file_ref idref="fl-70"/>
      </object_component>
      <object_component id="oc-5ee">
         <name>.text:strlen</name>
         <load_address>0x10f4e</load_address>
         <run_address>0x10f4e</run_address>
         <size>0xe</size>
         <input_file_ref idref="fl-71"/>
      </object_component>
      <object_component id="oc-657">
         <name>.text:malloc</name>
         <load_address>0x10f5c</load_address>
         <run_address>0x10f5c</run_address>
         <size>0x8</size>
         <input_file_ref idref="fl-69"/>
      </object_component>
      <object_component id="oc-519">
         <name>.text:abort</name>
         <load_address>0x10f64</load_address>
         <run_address>0x10f64</run_address>
         <size>0x6</size>
         <input_file_ref idref="fl-50"/>
      </object_component>
      <object_component id="oc-4c6">
         <name>.text:_system_pre_init</name>
         <load_address>0x10f6a</load_address>
         <run_address>0x10f6a</run_address>
         <size>0x4</size>
         <input_file_ref idref="fl-4f"/>
      </object_component>
      <object_component id="oc-5b8">
         <name>.text:_nop</name>
         <load_address>0x10f6e</load_address>
         <run_address>0x10f6e</run_address>
         <size>0x2</size>
         <input_file_ref idref="fl-52"/>
      </object_component>
      <object_component id="oc-583">
         <name>.text:_system_post_cinit</name>
         <load_address>0x10f70</load_address>
         <run_address>0x10f70</run_address>
         <size>0x2</size>
         <input_file_ref idref="fl-4e"/>
      </object_component>
      <object_component id="oc-6d3">
         <name>.bss</name>
         <uninitialized>true</uninitialized>
         <run_address>0x220a</run_address>
         <size>0x2</size>
         <input_file_ref idref="fl-69"/>
      </object_component>
      <object_component id="oc-517">
         <name>.common:valordec</name>
         <uninitialized>true</uninitialized>
         <run_address>0x220e</run_address>
         <size>0x2</size>
      </object_component>
      <object_component id="oc-4b9">
         <name>.common:Data_In_Array</name>
         <uninitialized>true</uninitialized>
         <run_address>0x21ee</run_address>
         <size>0x14</size>
      </object_component>
      <object_component id="oc-4bd">
         <name>.common:ACLK_clock</name>
         <uninitialized>true</uninitialized>
         <run_address>0x220c</run_address>
         <size>0x2</size>
      </object_component>
      <object_component id="oc-6e8">
         <name>.common:__TI_tmpnams</name>
         <uninitialized>true</uninitialized>
         <run_address>0x214e</run_address>
         <size>0xa0</size>
      </object_component>
      <object_component id="oc-6f1">
         <name>.common:parmbuf</name>
         <uninitialized>true</uninitialized>
         <run_address>0x2202</run_address>
         <size>0x8</size>
      </object_component>
      <object_component id="oc-4b3">
         <name>.data</name>
         <load_address>0x212c</load_address>
         <run_address>0x212c</run_address>
         <size>0xc</size>
         <input_file_ref idref="fl-2"/>
      </object_component>
      <object_component id="oc-4b6">
         <name>.data:Packet</name>
         <load_address>0x2118</load_address>
         <run_address>0x2118</run_address>
         <size>0x14</size>
         <input_file_ref idref="fl-2"/>
      </object_component>
      <object_component id="oc-5a4">
         <name>.data:_ftable</name>
         <load_address>0x2078</load_address>
         <run_address>0x2078</run_address>
         <size>0x78</size>
         <input_file_ref idref="fl-4d"/>
      </object_component>
      <object_component id="oc-60d">
         <name>.data</name>
         <load_address>0x2148</load_address>
         <run_address>0x2148</run_address>
         <size>0x2</size>
         <input_file_ref idref="fl-4d"/>
      </object_component>
      <object_component id="oc-572">
         <name>.data</name>
         <load_address>0x214a</load_address>
         <run_address>0x214a</run_address>
         <size>0x2</size>
         <input_file_ref idref="fl-50"/>
      </object_component>
      <object_component id="oc-57b">
         <name>.data:__TI_cleanup_ptr</name>
         <load_address>0x2138</load_address>
         <run_address>0x2138</run_address>
         <size>0x4</size>
         <input_file_ref idref="fl-51"/>
      </object_component>
      <object_component id="oc-578">
         <name>.data:__TI_dtors_ptr</name>
         <load_address>0x213c</load_address>
         <run_address>0x213c</run_address>
         <size>0x4</size>
         <input_file_ref idref="fl-51"/>
      </object_component>
      <object_component id="oc-575">
         <name>.data:_lock</name>
         <load_address>0x2140</load_address>
         <run_address>0x2140</run_address>
         <size>0x4</size>
         <input_file_ref idref="fl-52"/>
      </object_component>
      <object_component id="oc-57e">
         <name>.data:_unlock</name>
         <load_address>0x2144</load_address>
         <run_address>0x2144</run_address>
         <size>0x4</size>
         <input_file_ref idref="fl-52"/>
      </object_component>
      <object_component id="oc-670">
         <name>.data:_device</name>
         <load_address>0x2000</load_address>
         <run_address>0x2000</run_address>
         <size>0x78</size>
         <input_file_ref idref="fl-59"/>
      </object_component>
      <object_component id="oc-63c">
         <name>.data:_stream</name>
         <load_address>0x20f0</load_address>
         <run_address>0x20f0</run_address>
         <size>0x28</size>
         <input_file_ref idref="fl-59"/>
      </object_component>
      <object_component id="oc-6d8">
         <name>.data</name>
         <load_address>0x214c</load_address>
         <run_address>0x214c</run_address>
         <size>0x2</size>
         <input_file_ref idref="fl-69"/>
      </object_component>
      <object_component id="oc-43a">
         <name>.stack</name>
         <uninitialized>true</uninitialized>
         <run_address>0x3f60</run_address>
         <size>0x2</size>
         <input_file_ref idref="fl-49"/>
      </object_component>
      <object_component id="oc-7e2">
         <name>.stack</name>
         <uninitialized>true</uninitialized>
         <run_address>0x3f60</run_address>
         <size>0x0</size>
      </object_component>
      <object_component id="oc-75">
         <name>.int20</name>
         <load_address>0xffca</load_address>
         <run_address>0xffca</run_address>
         <size>0x2</size>
         <input_file_ref idref="fl-25"/>
      </object_component>
      <object_component id="oc-76">
         <name>.int21</name>
         <load_address>0xffcc</load_address>
         <run_address>0xffcc</run_address>
         <size>0x2</size>
         <input_file_ref idref="fl-27"/>
      </object_component>
      <object_component id="oc-77">
         <name>.int22</name>
         <load_address>0xffce</load_address>
         <run_address>0xffce</run_address>
         <size>0x2</size>
         <input_file_ref idref="fl-28"/>
      </object_component>
      <object_component id="oc-78">
         <name>.int23</name>
         <load_address>0xffd0</load_address>
         <run_address>0xffd0</run_address>
         <size>0x2</size>
         <input_file_ref idref="fl-29"/>
      </object_component>
      <object_component id="oc-79">
         <name>.int24</name>
         <load_address>0xffd2</load_address>
         <run_address>0xffd2</run_address>
         <size>0x2</size>
         <input_file_ref idref="fl-2a"/>
      </object_component>
      <object_component id="oc-7a">
         <name>.int25</name>
         <load_address>0xffd4</load_address>
         <run_address>0xffd4</run_address>
         <size>0x2</size>
         <input_file_ref idref="fl-2b"/>
      </object_component>
      <object_component id="oc-7b">
         <name>.int26</name>
         <load_address>0xffd6</load_address>
         <run_address>0xffd6</run_address>
         <size>0x2</size>
         <input_file_ref idref="fl-2c"/>
      </object_component>
      <object_component id="oc-7c">
         <name>.int27</name>
         <load_address>0xffd8</load_address>
         <run_address>0xffd8</run_address>
         <size>0x2</size>
         <input_file_ref idref="fl-2d"/>
      </object_component>
      <object_component id="oc-7d">
         <name>.int28</name>
         <load_address>0xffda</load_address>
         <run_address>0xffda</run_address>
         <size>0x2</size>
         <input_file_ref idref="fl-2"/>
      </object_component>
      <object_component id="oc-7e">
         <name>.int29</name>
         <load_address>0xffdc</load_address>
         <run_address>0xffdc</run_address>
         <size>0x2</size>
         <input_file_ref idref="fl-2e"/>
      </object_component>
      <object_component id="oc-7f">
         <name>.int30</name>
         <load_address>0xffde</load_address>
         <run_address>0xffde</run_address>
         <size>0x2</size>
         <input_file_ref idref="fl-2f"/>
      </object_component>
      <object_component id="oc-80">
         <name>.int31</name>
         <load_address>0xffe0</load_address>
         <run_address>0xffe0</run_address>
         <size>0x2</size>
         <input_file_ref idref="fl-30"/>
      </object_component>
      <object_component id="oc-81">
         <name>.int32</name>
         <load_address>0xffe2</load_address>
         <run_address>0xffe2</run_address>
         <size>0x2</size>
         <input_file_ref idref="fl-31"/>
      </object_component>
      <object_component id="oc-82">
         <name>.int33</name>
         <load_address>0xffe4</load_address>
         <run_address>0xffe4</run_address>
         <size>0x2</size>
         <input_file_ref idref="fl-32"/>
      </object_component>
      <object_component id="oc-83">
         <name>.int34</name>
         <load_address>0xffe6</load_address>
         <run_address>0xffe6</run_address>
         <size>0x2</size>
         <input_file_ref idref="fl-33"/>
      </object_component>
      <object_component id="oc-84">
         <name>.int35</name>
         <load_address>0xffe8</load_address>
         <run_address>0xffe8</run_address>
         <size>0x2</size>
         <input_file_ref idref="fl-34"/>
      </object_component>
      <object_component id="oc-85">
         <name>.int36</name>
         <load_address>0xffea</load_address>
         <run_address>0xffea</run_address>
         <size>0x2</size>
         <input_file_ref idref="fl-35"/>
      </object_component>
      <object_component id="oc-86">
         <name>.int37</name>
         <load_address>0xffec</load_address>
         <run_address>0xffec</run_address>
         <size>0x2</size>
         <input_file_ref idref="fl-36"/>
      </object_component>
      <object_component id="oc-87">
         <name>.int38</name>
         <load_address>0xffee</load_address>
         <run_address>0xffee</run_address>
         <size>0x2</size>
         <input_file_ref idref="fl-37"/>
      </object_component>
      <object_component id="oc-88">
         <name>.int39</name>
         <load_address>0xfff0</load_address>
         <run_address>0xfff0</run_address>
         <size>0x2</size>
         <input_file_ref idref="fl-38"/>
      </object_component>
      <object_component id="oc-89">
         <name>.int40</name>
         <load_address>0xfff2</load_address>
         <run_address>0xfff2</run_address>
         <size>0x2</size>
         <input_file_ref idref="fl-39"/>
      </object_component>
      <object_component id="oc-8a">
         <name>.int41</name>
         <load_address>0xfff4</load_address>
         <run_address>0xfff4</run_address>
         <size>0x2</size>
         <input_file_ref idref="fl-3a"/>
      </object_component>
      <object_component id="oc-8b">
         <name>.int42</name>
         <load_address>0xfff6</load_address>
         <run_address>0xfff6</run_address>
         <size>0x2</size>
         <input_file_ref idref="fl-3b"/>
      </object_component>
      <object_component id="oc-8c">
         <name>.int43</name>
         <load_address>0xfff8</load_address>
         <run_address>0xfff8</run_address>
         <size>0x2</size>
         <input_file_ref idref="fl-2"/>
      </object_component>
      <object_component id="oc-8d">
         <name>.int44</name>
         <load_address>0xfffa</load_address>
         <run_address>0xfffa</run_address>
         <size>0x2</size>
         <input_file_ref idref="fl-3c"/>
      </object_component>
      <object_component id="oc-8e">
         <name>.int45</name>
         <load_address>0xfffc</load_address>
         <run_address>0xfffc</run_address>
         <size>0x2</size>
         <input_file_ref idref="fl-3d"/>
      </object_component>
      <object_component id="oc-43d">
         <name>.reset</name>
         <load_address>0xfffe</load_address>
         <run_address>0xfffe</run_address>
         <size>0x2</size>
         <input_file_ref idref="fl-49"/>
      </object_component>
      <object_component id="oc-4ba">
         <name>.debug_info</name>
         <load_address>0x0</load_address>
         <run_address>0x0</run_address>
         <size>0x44c</size>
         <input_file_ref idref="fl-2"/>
      </object_component>
      <object_component id="oc-4b4">
         <name>.debug_info</name>
         <load_address>0x44c</load_address>
         <run_address>0x44c</run_address>
         <size>0x146</size>
         <input_file_ref idref="fl-2"/>
      </object_component>
      <object_component id="oc-4b7">
         <name>.debug_info</name>
         <load_address>0x592</load_address>
         <run_address>0x592</run_address>
         <size>0xb7</size>
         <input_file_ref idref="fl-2"/>
      </object_component>
      <object_component id="oc-506">
         <name>.debug_info</name>
         <load_address>0x649</load_address>
         <run_address>0x649</run_address>
         <size>0xee</size>
         <input_file_ref idref="fl-2"/>
      </object_component>
      <object_component id="oc-50e">
         <name>.debug_info</name>
         <load_address>0x737</load_address>
         <run_address>0x737</run_address>
         <size>0xeb</size>
         <input_file_ref idref="fl-2"/>
      </object_component>
      <object_component id="oc-514">
         <name>.debug_info</name>
         <load_address>0x822</load_address>
         <run_address>0x822</run_address>
         <size>0x158</size>
         <input_file_ref idref="fl-2"/>
      </object_component>
      <object_component id="oc-4cd">
         <name>.debug_info</name>
         <load_address>0x97a</load_address>
         <run_address>0x97a</run_address>
         <size>0x113</size>
         <input_file_ref idref="fl-2"/>
      </object_component>
      <object_component id="oc-464">
         <name>.debug_info</name>
         <load_address>0xa8d</load_address>
         <run_address>0xa8d</run_address>
         <size>0xe4</size>
         <input_file_ref idref="fl-2"/>
      </object_component>
      <object_component id="oc-45e">
         <name>.debug_info</name>
         <load_address>0xb71</load_address>
         <run_address>0xb71</run_address>
         <size>0xf6</size>
         <input_file_ref idref="fl-2"/>
      </object_component>
      <object_component id="oc-4ff">
         <name>.debug_info</name>
         <load_address>0xc67</load_address>
         <run_address>0xc67</run_address>
         <size>0x26b</size>
         <input_file_ref idref="fl-2"/>
      </object_component>
      <object_component id="oc-447">
         <name>.debug_info</name>
         <load_address>0xed2</load_address>
         <run_address>0xed2</run_address>
         <size>0x84</size>
         <input_file_ref idref="fl-2"/>
      </object_component>
      <object_component id="oc-55d">
         <name>.debug_info</name>
         <load_address>0xf56</load_address>
         <run_address>0xf56</run_address>
         <size>0x282</size>
         <input_file_ref idref="fl-2"/>
      </object_component>
      <object_component id="oc-608">
         <name>.debug_info</name>
         <load_address>0x11d8</load_address>
         <run_address>0x11d8</run_address>
         <size>0x2c</size>
         <input_file_ref idref="fl-2"/>
      </object_component>
      <object_component id="oc-6c">
         <name>.debug_info</name>
         <load_address>0x1204</load_address>
         <run_address>0x1204</run_address>
         <size>0x2b8</size>
         <input_file_ref idref="fl-23"/>
      </object_component>
      <object_component id="oc-4f4">
         <name>.debug_info</name>
         <load_address>0x14bc</load_address>
         <run_address>0x14bc</run_address>
         <size>0x46</size>
         <input_file_ref idref="fl-23"/>
      </object_component>
      <object_component id="oc-4aa">
         <name>.debug_info</name>
         <load_address>0x1502</load_address>
         <run_address>0x1502</run_address>
         <size>0x39</size>
         <input_file_ref idref="fl-23"/>
      </object_component>
      <object_component id="oc-442">
         <name>.debug_info</name>
         <load_address>0x153b</load_address>
         <run_address>0x153b</run_address>
         <size>0x60</size>
         <input_file_ref idref="fl-23"/>
      </object_component>
      <object_component id="oc-457">
         <name>.debug_info</name>
         <load_address>0x159b</load_address>
         <run_address>0x159b</run_address>
         <size>0x1da</size>
         <input_file_ref idref="fl-24"/>
      </object_component>
      <object_component id="oc-70">
         <name>.debug_info</name>
         <load_address>0x1775</load_address>
         <run_address>0x1775</run_address>
         <size>0x1f2</size>
         <input_file_ref idref="fl-24"/>
      </object_component>
      <object_component id="oc-452">
         <name>.debug_info</name>
         <load_address>0x1967</load_address>
         <run_address>0x1967</run_address>
         <size>0x46</size>
         <input_file_ref idref="fl-24"/>
      </object_component>
      <object_component id="oc-459">
         <name>.debug_info</name>
         <load_address>0x19ad</load_address>
         <run_address>0x19ad</run_address>
         <size>0x10f</size>
         <input_file_ref idref="fl-26"/>
      </object_component>
      <object_component id="oc-46c">
         <name>.debug_info</name>
         <load_address>0x1abc</load_address>
         <run_address>0x1abc</run_address>
         <size>0x1d3</size>
         <input_file_ref idref="fl-3e"/>
      </object_component>
      <object_component id="oc-4c0">
         <name>.debug_info</name>
         <load_address>0x1c8f</load_address>
         <run_address>0x1c8f</run_address>
         <size>0x46</size>
         <input_file_ref idref="fl-3e"/>
      </object_component>
      <object_component id="oc-44d">
         <name>.debug_info</name>
         <load_address>0x1cd5</load_address>
         <run_address>0x1cd5</run_address>
         <size>0x121</size>
         <input_file_ref idref="fl-3f"/>
      </object_component>
      <object_component id="oc-56c">
         <name>.debug_info</name>
         <load_address>0x1df6</load_address>
         <run_address>0x1df6</run_address>
         <size>0x130</size>
         <input_file_ref idref="fl-43"/>
      </object_component>
      <object_component id="oc-5b4">
         <name>.debug_info</name>
         <load_address>0x1f26</load_address>
         <run_address>0x1f26</run_address>
         <size>0x1fa</size>
         <input_file_ref idref="fl-48"/>
      </object_component>
      <object_component id="oc-566">
         <name>.debug_info</name>
         <load_address>0x2120</load_address>
         <run_address>0x2120</run_address>
         <size>0x177</size>
         <input_file_ref idref="fl-48"/>
      </object_component>
      <object_component id="oc-614">
         <name>.debug_info</name>
         <load_address>0x2297</load_address>
         <run_address>0x2297</run_address>
         <size>0xb2</size>
         <input_file_ref idref="fl-48"/>
      </object_component>
      <object_component id="oc-43b">
         <name>.debug_info</name>
         <load_address>0x2349</load_address>
         <run_address>0x2349</run_address>
         <size>0x100</size>
         <input_file_ref idref="fl-49"/>
      </object_component>
      <object_component id="oc-496">
         <name>.debug_info</name>
         <load_address>0x2449</load_address>
         <run_address>0x2449</run_address>
         <size>0x193</size>
         <input_file_ref idref="fl-49"/>
      </object_component>
      <object_component id="oc-4df">
         <name>.debug_info</name>
         <load_address>0x25dc</load_address>
         <run_address>0x25dc</run_address>
         <size>0x1ae</size>
         <input_file_ref idref="fl-4a"/>
      </object_component>
      <object_component id="oc-558">
         <name>.debug_info</name>
         <load_address>0x278a</load_address>
         <run_address>0x278a</run_address>
         <size>0x18b</size>
         <input_file_ref idref="fl-4a"/>
      </object_component>
      <object_component id="oc-58a">
         <name>.debug_info</name>
         <load_address>0x2915</load_address>
         <run_address>0x2915</run_address>
         <size>0x409</size>
         <input_file_ref idref="fl-4c"/>
      </object_component>
      <object_component id="oc-540">
         <name>.debug_info</name>
         <load_address>0x2d1e</load_address>
         <run_address>0x2d1e</run_address>
         <size>0x216</size>
         <input_file_ref idref="fl-4c"/>
      </object_component>
      <object_component id="oc-5cd">
         <name>.debug_info</name>
         <load_address>0x2f34</load_address>
         <run_address>0x2f34</run_address>
         <size>0x39</size>
         <input_file_ref idref="fl-4c"/>
      </object_component>
      <object_component id="oc-5df">
         <name>.debug_info</name>
         <load_address>0x2f6d</load_address>
         <run_address>0x2f6d</run_address>
         <size>0x2c</size>
         <input_file_ref idref="fl-4c"/>
      </object_component>
      <object_component id="oc-595">
         <name>.debug_info</name>
         <load_address>0x2f99</load_address>
         <run_address>0x2f99</run_address>
         <size>0x2c</size>
         <input_file_ref idref="fl-4c"/>
      </object_component>
      <object_component id="oc-5d2">
         <name>.debug_info</name>
         <load_address>0x2fc5</load_address>
         <run_address>0x2fc5</run_address>
         <size>0xcd</size>
         <input_file_ref idref="fl-4c"/>
      </object_component>
      <object_component id="oc-5e6">
         <name>.debug_info</name>
         <load_address>0x3092</load_address>
         <run_address>0x3092</run_address>
         <size>0x13e</size>
         <input_file_ref idref="fl-4d"/>
      </object_component>
      <object_component id="oc-5a5">
         <name>.debug_info</name>
         <load_address>0x31d0</load_address>
         <run_address>0x31d0</run_address>
         <size>0x102</size>
         <input_file_ref idref="fl-4d"/>
      </object_component>
      <object_component id="oc-60e">
         <name>.debug_info</name>
         <load_address>0x32d2</load_address>
         <run_address>0x32d2</run_address>
         <size>0x10a</size>
         <input_file_ref idref="fl-4d"/>
      </object_component>
      <object_component id="oc-587">
         <name>.debug_info</name>
         <load_address>0x33dc</load_address>
         <run_address>0x33dc</run_address>
         <size>0x150</size>
         <input_file_ref idref="fl-4e"/>
      </object_component>
      <object_component id="oc-4c9">
         <name>.debug_info</name>
         <load_address>0x352c</load_address>
         <run_address>0x352c</run_address>
         <size>0x153</size>
         <input_file_ref idref="fl-4f"/>
      </object_component>
      <object_component id="oc-582">
         <name>.debug_info</name>
         <load_address>0x367f</load_address>
         <run_address>0x367f</run_address>
         <size>0x22e</size>
         <input_file_ref idref="fl-50"/>
      </object_component>
      <object_component id="oc-573">
         <name>.debug_info</name>
         <load_address>0x38ad</load_address>
         <run_address>0x38ad</run_address>
         <size>0x132</size>
         <input_file_ref idref="fl-50"/>
      </object_component>
      <object_component id="oc-51a">
         <name>.debug_info</name>
         <load_address>0x39df</load_address>
         <run_address>0x39df</run_address>
         <size>0x122</size>
         <input_file_ref idref="fl-50"/>
      </object_component>
      <object_component id="oc-520">
         <name>.debug_info</name>
         <load_address>0x3b01</load_address>
         <run_address>0x3b01</run_address>
         <size>0x197</size>
         <input_file_ref idref="fl-50"/>
      </object_component>
      <object_component id="oc-5c3">
         <name>.debug_info</name>
         <load_address>0x3c98</load_address>
         <run_address>0x3c98</run_address>
         <size>0x103</size>
         <input_file_ref idref="fl-51"/>
      </object_component>
      <object_component id="oc-57c">
         <name>.debug_info</name>
         <load_address>0x3d9b</load_address>
         <run_address>0x3d9b</run_address>
         <size>0x11a</size>
         <input_file_ref idref="fl-51"/>
      </object_component>
      <object_component id="oc-579">
         <name>.debug_info</name>
         <load_address>0x3eb5</load_address>
         <run_address>0x3eb5</run_address>
         <size>0x116</size>
         <input_file_ref idref="fl-51"/>
      </object_component>
      <object_component id="oc-5c0">
         <name>.debug_info</name>
         <load_address>0x3fcb</load_address>
         <run_address>0x3fcb</run_address>
         <size>0x163</size>
         <input_file_ref idref="fl-52"/>
      </object_component>
      <object_component id="oc-576">
         <name>.debug_info</name>
         <load_address>0x412e</load_address>
         <run_address>0x412e</run_address>
         <size>0xff</size>
         <input_file_ref idref="fl-52"/>
      </object_component>
      <object_component id="oc-57f">
         <name>.debug_info</name>
         <load_address>0x422d</load_address>
         <run_address>0x422d</run_address>
         <size>0x103</size>
         <input_file_ref idref="fl-52"/>
      </object_component>
      <object_component id="oc-5ba">
         <name>.debug_info</name>
         <load_address>0x4330</load_address>
         <run_address>0x4330</run_address>
         <size>0x12e</size>
         <input_file_ref idref="fl-52"/>
      </object_component>
      <object_component id="oc-611">
         <name>.debug_info</name>
         <load_address>0x445e</load_address>
         <run_address>0x445e</run_address>
         <size>0x21f</size>
         <input_file_ref idref="fl-54"/>
      </object_component>
      <object_component id="oc-5fc">
         <name>.debug_info</name>
         <load_address>0x467d</load_address>
         <run_address>0x467d</run_address>
         <size>0x184</size>
         <input_file_ref idref="fl-54"/>
      </object_component>
      <object_component id="oc-5b0">
         <name>.debug_info</name>
         <load_address>0x4801</load_address>
         <run_address>0x4801</run_address>
         <size>0x1c8</size>
         <input_file_ref idref="fl-54"/>
      </object_component>
      <object_component id="oc-607">
         <name>.debug_info</name>
         <load_address>0x49c9</load_address>
         <run_address>0x49c9</run_address>
         <size>0x2d4</size>
         <input_file_ref idref="fl-55"/>
      </object_component>
      <object_component id="oc-5a9">
         <name>.debug_info</name>
         <load_address>0x4c9d</load_address>
         <run_address>0x4c9d</run_address>
         <size>0x2c7</size>
         <input_file_ref idref="fl-55"/>
      </object_component>
      <object_component id="oc-636">
         <name>.debug_info</name>
         <load_address>0x4f64</load_address>
         <run_address>0x4f64</run_address>
         <size>0x1d8</size>
         <input_file_ref idref="fl-56"/>
      </object_component>
      <object_component id="oc-5e9">
         <name>.debug_info</name>
         <load_address>0x513c</load_address>
         <run_address>0x513c</run_address>
         <size>0x196</size>
         <input_file_ref idref="fl-56"/>
      </object_component>
      <object_component id="oc-665">
         <name>.debug_info</name>
         <load_address>0x52d2</load_address>
         <run_address>0x52d2</run_address>
         <size>0xbf</size>
         <input_file_ref idref="fl-56"/>
      </object_component>
      <object_component id="oc-650">
         <name>.debug_info</name>
         <load_address>0x5391</load_address>
         <run_address>0x5391</run_address>
         <size>0x1fc</size>
         <input_file_ref idref="fl-57"/>
      </object_component>
      <object_component id="oc-62d">
         <name>.debug_info</name>
         <load_address>0x558d</load_address>
         <run_address>0x558d</run_address>
         <size>0x1e9</size>
         <input_file_ref idref="fl-57"/>
      </object_component>
      <object_component id="oc-67d">
         <name>.debug_info</name>
         <load_address>0x5776</load_address>
         <run_address>0x5776</run_address>
         <size>0x2c</size>
         <input_file_ref idref="fl-57"/>
      </object_component>
      <object_component id="oc-683">
         <name>.debug_info</name>
         <load_address>0x57a2</load_address>
         <run_address>0x57a2</run_address>
         <size>0x26f</size>
         <input_file_ref idref="fl-58"/>
      </object_component>
      <object_component id="oc-64a">
         <name>.debug_info</name>
         <load_address>0x5a11</load_address>
         <run_address>0x5a11</run_address>
         <size>0x194</size>
         <input_file_ref idref="fl-58"/>
      </object_component>
      <object_component id="oc-678">
         <name>.debug_info</name>
         <load_address>0x5ba5</load_address>
         <run_address>0x5ba5</run_address>
         <size>0x120</size>
         <input_file_ref idref="fl-58"/>
      </object_component>
      <object_component id="oc-675">
         <name>.debug_info</name>
         <load_address>0x5cc5</load_address>
         <run_address>0x5cc5</run_address>
         <size>0x337</size>
         <input_file_ref idref="fl-59"/>
      </object_component>
      <object_component id="oc-671">
         <name>.debug_info</name>
         <load_address>0x5ffc</load_address>
         <run_address>0x5ffc</run_address>
         <size>0x109</size>
         <input_file_ref idref="fl-59"/>
      </object_component>
      <object_component id="oc-63d">
         <name>.debug_info</name>
         <load_address>0x6105</load_address>
         <run_address>0x6105</run_address>
         <size>0x109</size>
         <input_file_ref idref="fl-59"/>
      </object_component>
      <object_component id="oc-702">
         <name>.debug_info</name>
         <load_address>0x620e</load_address>
         <run_address>0x620e</run_address>
         <size>0x24b</size>
         <input_file_ref idref="fl-5a"/>
      </object_component>
      <object_component id="oc-6ad">
         <name>.debug_info</name>
         <load_address>0x6459</load_address>
         <run_address>0x6459</run_address>
         <size>0x1bc</size>
         <input_file_ref idref="fl-5a"/>
      </object_component>
      <object_component id="oc-70d">
         <name>.debug_info</name>
         <load_address>0x6615</load_address>
         <run_address>0x6615</run_address>
         <size>0x250</size>
         <input_file_ref idref="fl-5b"/>
      </object_component>
      <object_component id="oc-6be">
         <name>.debug_info</name>
         <load_address>0x6865</load_address>
         <run_address>0x6865</run_address>
         <size>0x235</size>
         <input_file_ref idref="fl-5b"/>
      </object_component>
      <object_component id="oc-6f2">
         <name>.debug_info</name>
         <load_address>0x6a9a</load_address>
         <run_address>0x6a9a</run_address>
         <size>0x27b</size>
         <input_file_ref idref="fl-5c"/>
      </object_component>
      <object_component id="oc-6a5">
         <name>.debug_info</name>
         <load_address>0x6d15</load_address>
         <run_address>0x6d15</run_address>
         <size>0x20c</size>
         <input_file_ref idref="fl-5c"/>
      </object_component>
      <object_component id="oc-704">
         <name>.debug_info</name>
         <load_address>0x6f21</load_address>
         <run_address>0x6f21</run_address>
         <size>0x24f</size>
         <input_file_ref idref="fl-5d"/>
      </object_component>
      <object_component id="oc-6b0">
         <name>.debug_info</name>
         <load_address>0x7170</load_address>
         <run_address>0x7170</run_address>
         <size>0x1fb</size>
         <input_file_ref idref="fl-5d"/>
      </object_component>
      <object_component id="oc-717">
         <name>.debug_info</name>
         <load_address>0x736b</load_address>
         <run_address>0x736b</run_address>
         <size>0x2ad</size>
         <input_file_ref idref="fl-5e"/>
      </object_component>
      <object_component id="oc-6c8">
         <name>.debug_info</name>
         <load_address>0x7618</load_address>
         <run_address>0x7618</run_address>
         <size>0x236</size>
         <input_file_ref idref="fl-5e"/>
      </object_component>
      <object_component id="oc-70f">
         <name>.debug_info</name>
         <load_address>0x784e</load_address>
         <run_address>0x784e</run_address>
         <size>0x26e</size>
         <input_file_ref idref="fl-5f"/>
      </object_component>
      <object_component id="oc-6c2">
         <name>.debug_info</name>
         <load_address>0x7abc</load_address>
         <run_address>0x7abc</run_address>
         <size>0x1c6</size>
         <input_file_ref idref="fl-5f"/>
      </object_component>
      <object_component id="oc-706">
         <name>.debug_info</name>
         <load_address>0x7c82</load_address>
         <run_address>0x7c82</run_address>
         <size>0x250</size>
         <input_file_ref idref="fl-60"/>
      </object_component>
      <object_component id="oc-6b6">
         <name>.debug_info</name>
         <load_address>0x7ed2</load_address>
         <run_address>0x7ed2</run_address>
         <size>0x200</size>
         <input_file_ref idref="fl-60"/>
      </object_component>
      <object_component id="oc-72f">
         <name>.debug_info</name>
         <load_address>0x80d2</load_address>
         <run_address>0x80d2</run_address>
         <size>0x193</size>
         <input_file_ref idref="fl-61"/>
      </object_component>
      <object_component id="oc-72c">
         <name>.debug_info</name>
         <load_address>0x8265</load_address>
         <run_address>0x8265</run_address>
         <size>0x106</size>
         <input_file_ref idref="fl-61"/>
      </object_component>
      <object_component id="oc-6f8">
         <name>.debug_info</name>
         <load_address>0x836b</load_address>
         <run_address>0x836b</run_address>
         <size>0x1df</size>
         <input_file_ref idref="fl-61"/>
      </object_component>
      <object_component id="oc-6fd">
         <name>.debug_info</name>
         <load_address>0x854a</load_address>
         <run_address>0x854a</run_address>
         <size>0x19a</size>
         <input_file_ref idref="fl-61"/>
      </object_component>
      <object_component id="oc-70a">
         <name>.debug_info</name>
         <load_address>0x86e4</load_address>
         <run_address>0x86e4</run_address>
         <size>0x126</size>
         <input_file_ref idref="fl-62"/>
      </object_component>
      <object_component id="oc-63a">
         <name>.debug_info</name>
         <load_address>0x880a</load_address>
         <run_address>0x880a</run_address>
         <size>0x178</size>
         <input_file_ref idref="fl-63"/>
      </object_component>
      <object_component id="oc-5f7">
         <name>.debug_info</name>
         <load_address>0x8982</load_address>
         <run_address>0x8982</run_address>
         <size>0x250</size>
         <input_file_ref idref="fl-63"/>
      </object_component>
      <object_component id="oc-61f">
         <name>.debug_info</name>
         <load_address>0x8bd2</load_address>
         <run_address>0x8bd2</run_address>
         <size>0x181</size>
         <input_file_ref idref="fl-64"/>
      </object_component>
      <object_component id="oc-5d8">
         <name>.debug_info</name>
         <load_address>0x8d53</load_address>
         <run_address>0x8d53</run_address>
         <size>0x17a</size>
         <input_file_ref idref="fl-64"/>
      </object_component>
      <object_component id="oc-664">
         <name>.debug_info</name>
         <load_address>0x8ecd</load_address>
         <run_address>0x8ecd</run_address>
         <size>0x24c</size>
         <input_file_ref idref="fl-65"/>
      </object_component>
      <object_component id="oc-631">
         <name>.debug_info</name>
         <load_address>0x9119</load_address>
         <run_address>0x9119</run_address>
         <size>0x1fe</size>
         <input_file_ref idref="fl-65"/>
      </object_component>
      <object_component id="oc-65e">
         <name>.debug_info</name>
         <load_address>0x9317</load_address>
         <run_address>0x9317</run_address>
         <size>0x176</size>
         <input_file_ref idref="fl-66"/>
      </object_component>
      <object_component id="oc-4ea">
         <name>.debug_info</name>
         <load_address>0x948d</load_address>
         <run_address>0x948d</run_address>
         <size>0x2c</size>
         <input_file_ref idref="fl-66"/>
      </object_component>
      <object_component id="oc-6f0">
         <name>.debug_info</name>
         <load_address>0x94b9</load_address>
         <run_address>0x94b9</run_address>
         <size>0x27d</size>
         <input_file_ref idref="fl-67"/>
      </object_component>
      <object_component id="oc-69b">
         <name>.debug_info</name>
         <load_address>0x9736</load_address>
         <run_address>0x9736</run_address>
         <size>0x1ed</size>
         <input_file_ref idref="fl-67"/>
      </object_component>
      <object_component id="oc-71e">
         <name>.debug_info</name>
         <load_address>0x9923</load_address>
         <run_address>0x9923</run_address>
         <size>0x2a7</size>
         <input_file_ref idref="fl-68"/>
      </object_component>
      <object_component id="oc-6e3">
         <name>.debug_info</name>
         <load_address>0x9bca</load_address>
         <run_address>0x9bca</run_address>
         <size>0x188</size>
         <input_file_ref idref="fl-68"/>
      </object_component>
      <object_component id="oc-4a9">
         <name>.debug_info</name>
         <load_address>0x9d52</load_address>
         <run_address>0x9d52</run_address>
         <size>0x22a</size>
         <input_file_ref idref="fl-69"/>
      </object_component>
      <object_component id="oc-43f">
         <name>.debug_info</name>
         <load_address>0x9f7c</load_address>
         <run_address>0x9f7c</run_address>
         <size>0x10c</size>
         <input_file_ref idref="fl-69"/>
      </object_component>
      <object_component id="oc-6d9">
         <name>.debug_info</name>
         <load_address>0xa088</load_address>
         <run_address>0xa088</run_address>
         <size>0x11f</size>
         <input_file_ref idref="fl-69"/>
      </object_component>
      <object_component id="oc-6d4">
         <name>.debug_info</name>
         <load_address>0xa1a7</load_address>
         <run_address>0xa1a7</run_address>
         <size>0x105</size>
         <input_file_ref idref="fl-69"/>
      </object_component>
      <object_component id="oc-659">
         <name>.debug_info</name>
         <load_address>0xa2ac</load_address>
         <run_address>0xa2ac</run_address>
         <size>0x168</size>
         <input_file_ref idref="fl-69"/>
      </object_component>
      <object_component id="oc-688">
         <name>.debug_info</name>
         <load_address>0xa414</load_address>
         <run_address>0xa414</run_address>
         <size>0x18e</size>
         <input_file_ref idref="fl-69"/>
      </object_component>
      <object_component id="oc-68e">
         <name>.debug_info</name>
         <load_address>0xa5a2</load_address>
         <run_address>0xa5a2</run_address>
         <size>0x19f</size>
         <input_file_ref idref="fl-69"/>
      </object_component>
      <object_component id="oc-653">
         <name>.debug_info</name>
         <load_address>0xa741</load_address>
         <run_address>0xa741</run_address>
         <size>0x203</size>
         <input_file_ref idref="fl-69"/>
      </object_component>
      <object_component id="oc-6dd">
         <name>.debug_info</name>
         <load_address>0xa944</load_address>
         <run_address>0xa944</run_address>
         <size>0x1db</size>
         <input_file_ref idref="fl-69"/>
      </object_component>
      <object_component id="oc-695">
         <name>.debug_info</name>
         <load_address>0xab1f</load_address>
         <run_address>0xab1f</run_address>
         <size>0x273</size>
         <input_file_ref idref="fl-69"/>
      </object_component>
      <object_component id="oc-4ef">
         <name>.debug_info</name>
         <load_address>0xad92</load_address>
         <run_address>0xad92</run_address>
         <size>0xb2</size>
         <input_file_ref idref="fl-69"/>
      </object_component>
      <object_component id="oc-755">
         <name>.debug_info</name>
         <load_address>0xae44</load_address>
         <run_address>0xae44</run_address>
         <size>0x304</size>
         <input_file_ref idref="fl-6c"/>
      </object_component>
      <object_component id="oc-752">
         <name>.debug_info</name>
         <load_address>0xb148</load_address>
         <run_address>0xb148</run_address>
         <size>0x192</size>
         <input_file_ref idref="fl-6c"/>
      </object_component>
      <object_component id="oc-723">
         <name>.debug_info</name>
         <load_address>0xb2da</load_address>
         <run_address>0xb2da</run_address>
         <size>0x1eb</size>
         <input_file_ref idref="fl-6c"/>
      </object_component>
      <object_component id="oc-758">
         <name>.debug_info</name>
         <load_address>0xb4c5</load_address>
         <run_address>0xb4c5</run_address>
         <size>0xea</size>
         <input_file_ref idref="fl-6c"/>
      </object_component>
      <object_component id="oc-770">
         <name>.debug_info</name>
         <load_address>0xb5af</load_address>
         <run_address>0xb5af</run_address>
         <size>0x2c</size>
         <input_file_ref idref="fl-6c"/>
      </object_component>
      <object_component id="oc-764">
         <name>.debug_info</name>
         <load_address>0xb5db</load_address>
         <run_address>0xb5db</run_address>
         <size>0x172</size>
         <input_file_ref idref="fl-6e"/>
      </object_component>
      <object_component id="oc-746">
         <name>.debug_info</name>
         <load_address>0xb74d</load_address>
         <run_address>0xb74d</run_address>
         <size>0x268</size>
         <input_file_ref idref="fl-6e"/>
      </object_component>
      <object_component id="oc-77a">
         <name>.debug_info</name>
         <load_address>0xb9b5</load_address>
         <run_address>0xb9b5</run_address>
         <size>0x162</size>
         <input_file_ref idref="fl-6f"/>
      </object_component>
      <object_component id="oc-768">
         <name>.debug_info</name>
         <load_address>0xbb17</load_address>
         <run_address>0xbb17</run_address>
         <size>0x273</size>
         <input_file_ref idref="fl-6f"/>
[...]
         <value>0x846a</value>
      </symbol>
      <symbol id="sm-3ae">
         <name>__STACK_SIZE</name>
         <value>0xa0</value>
      </symbol>
      <symbol id="sm-3af">
         <name>__STACK_END</name>
         <value>0x4000</value>
      </symbol>
      <symbol id="sm-3b0">
         <name>__SYSMEM_SIZE</name>
         <value>0xa0</value>
      </symbol>
      <symbol id="sm-3b1">
         <name>__c_args__</name>
         <value>0xffffffff</value>
      </symbol>
      <symbol id="sm-3b2">
         <name>__TI_pprof_out_hndl</name>
         <value>0xffffffff</value>
      </symbol>
      <symbol id="sm-3b3">
         <name>__TI_prof_data_start</name>
         <value>0xffffffff</value>
      </symbol>
      <symbol id="sm-3b4">
         <name>__TI_prof_data_size</name>
         <value>0xffffffff</value>
      </symbol>
      <symbol id="sm-464">
         <name>valordec</name>
         <value>0x220e</value>
      </symbol>
      <symbol id="sm-465">
         <name>Data_In_Array</name>
         <value>0x21ee</value>
      </symbol>
      <symbol id="sm-466">
         <name>ACLK_clock</name>
         <value>0x220c</value>
      </symbol>
      <symbol id="sm-467">
         <name>__TI_int28</name>
         <value>0xffda</value>
         <object_component_ref idref="oc-7d"/>
      </symbol>
      <symbol id="sm-468">
         <name>__TI_int43</name>
         <value>0xfff8</value>
         <object_component_ref idref="oc-8c"/>
      </symbol>
      <symbol id="sm-469">
         <name>y</name>
         <value>0x2136</value>
         <object_component_ref idref="oc-4b3"/>
      </symbol>
      <symbol id="sm-46a">
         <name>x</name>
         <value>0x2134</value>
         <object_component_ref idref="oc-4b3"/>
      </symbol>
      <symbol id="sm-46b">
         <name>escreve_RTC</name>
         <value>0x212e</value>
         <object_component_ref idref="oc-4b3"/>
      </symbol>
      <symbol id="sm-46c">
         <name>start_I2C_B1</name>
         <value>0x10a6a</value>
         <object_component_ref idref="oc-505"/>
      </symbol>
      <symbol id="sm-46d">
         <name>main</name>
         <value>0x1045a</value>
         <object_component_ref idref="oc-4cc"/>
      </symbol>
      <symbol id="sm-46e">
         <name>message</name>
         <value>0x212c</value>
         <object_component_ref idref="oc-4b3"/>
      </symbol>
      <symbol id="sm-46f">
         <name>Data_In</name>
         <value>0x2130</value>
         <object_component_ref idref="oc-4b3"/>
      </symbol>
      <symbol id="sm-470">
         <name>Timer_A</name>
         <value>0x85b2</value>
         <object_component_ref idref="oc-463"/>
      </symbol>
      <symbol id="sm-471">
         <name>BCDtoDecimal</name>
         <value>0x10ab4</value>
         <object_component_ref idref="oc-511"/>
      </symbol>
      <symbol id="sm-472">
         <name>EUSCI_B1_I2C_ISR</name>
         <value>0x850c</value>
         <object_component_ref idref="oc-45d"/>
      </symbol>
      <symbol id="sm-473">
         <name>SetDateHour</name>
         <value>0x10f02</value>
         <object_component_ref idref="oc-50b"/>
      </symbol>
      <symbol id="sm-474">
         <name>Packet</name>
         <value>0x2118</value>
         <object_component_ref idref="oc-4b6"/>
      </symbol>
      <symbol id="sm-475">
         <name>Data_Cnt</name>
         <value>0x2132</value>
         <object_component_ref idref="oc-4b3"/>
      </symbol>
      <symbol id="sm-496">
         <name>__TI_decompress_lzss</name>
         <value>0x100f0</value>
         <object_component_ref idref="oc-69"/>
      </symbol>
      <symbol id="sm-4a7">
         <name>__TI_decompress_none</name>
         <value>0x10cc4</value>
         <object_component_ref idref="oc-6f"/>
      </symbol>
      <symbol id="sm-4aa">
         <name>__TI_int20</name>
         <value>0xffca</value>
         <object_component_ref idref="oc-75"/>
      </symbol>
      <symbol id="sm-4b2">
         <name>__TI_ISR_TRAP</name>
         <value>0x85bc</value>
         <object_component_ref idref="oc-458"/>
      </symbol>
      <symbol id="sm-4b5">
         <name>__TI_int21</name>
         <value>0xffcc</value>
         <object_component_ref idref="oc-76"/>
      </symbol>
      <symbol id="sm-4b8">
         <name>__TI_int22</name>
         <value>0xffce</value>
         <object_component_ref idref="oc-77"/>
      </symbol>
      <symbol id="sm-4bb">
         <name>__TI_int23</name>
         <value>0xffd0</value>
         <object_component_ref idref="oc-78"/>
      </symbol>
      <symbol id="sm-4be">
         <name>__TI_int24</name>
         <value>0xffd2</value>
         <object_component_ref idref="oc-79"/>
      </symbol>
      <symbol id="sm-4c1">
         <name>__TI_int25</name>
         <value>0xffd4</value>
         <object_component_ref idref="oc-7a"/>
      </symbol>
      <symbol id="sm-4c4">
         <name>__TI_int26</name>
         <value>0xffd6</value>
         <object_component_ref idref="oc-7b"/>
      </symbol>
      <symbol id="sm-4c7">
         <name>__TI_int27</name>
         <value>0xffd8</value>
         <object_component_ref idref="oc-7c"/>
      </symbol>
      <symbol id="sm-4ca">
         <name>__TI_int29</name>
         <value>0xffdc</value>
         <object_component_ref idref="oc-7e"/>
      </symbol>
      <symbol id="sm-4cd">
         <name>__TI_int30</name>
         <value>0xffde</value>
         <object_component_ref idref="oc-7f"/>
      </symbol>
      <symbol id="sm-4d0">
         <name>__TI_int31</name>
         <value>0xffe0</value>
         <object_component_ref idref="oc-80"/>
      </symbol>
      <symbol id="sm-4d3">
         <name>__TI_int32</name>
         <value>0xffe2</value>
         <object_component_ref idref="oc-81"/>
      </symbol>
      <symbol id="sm-4d6">
         <name>__TI_int33</name>
         <value>0xffe4</value>
         <object_component_ref idref="oc-82"/>
      </symbol>
      <symbol id="sm-4d9">
         <name>__TI_int34</name>
         <value>0xffe6</value>
         <object_component_ref idref="oc-83"/>
      </symbol>
      <symbol id="sm-4dc">
         <name>__TI_int35</name>
         <value>0xffe8</value>
         <object_component_ref idref="oc-84"/>
      </symbol>
      <symbol id="sm-4df">
         <name>__TI_int36</name>
         <value>0xffea</value>
         <object_component_ref idref="oc-85"/>
      </symbol>
      <symbol id="sm-4e2">
         <name>__TI_int37</name>
         <value>0xffec</value>
         <object_component_ref idref="oc-86"/>
      </symbol>
      <symbol id="sm-4e5">
         <name>__TI_int38</name>
         <value>0xffee</value>
         <object_component_ref idref="oc-87"/>
      </symbol>
      <symbol id="sm-4e8">
         <name>__TI_int39</name>
         <value>0xfff0</value>
         <object_component_ref idref="oc-88"/>
      </symbol>
      <symbol id="sm-4eb">
         <name>__TI_int40</name>
         <value>0xfff2</value>
         <object_component_ref idref="oc-89"/>
      </symbol>
      <symbol id="sm-4ee">
         <name>__TI_int41</name>
         <value>0xfff4</value>
         <object_component_ref idref="oc-8a"/>
      </symbol>
      <symbol id="sm-4f1">
         <name>__TI_int42</name>
         <value>0xfff6</value>
         <object_component_ref idref="oc-8b"/>
      </symbol>
      <symbol id="sm-4f4">
         <name>__TI_int44</name>
         <value>0xfffa</value>
         <object_component_ref idref="oc-8d"/>
      </symbol>
      <symbol id="sm-4f7">
         <name>__TI_int45</name>
         <value>0xfffc</value>
         <object_component_ref idref="oc-8e"/>
      </symbol>
      <symbol id="sm-507">
         <name>__TI_zero_init_nomemset</name>
         <value>0x10c0c</value>
         <object_component_ref idref="oc-469"/>
      </symbol>
      <symbol id="sm-512">
         <name>__memcpy_far</name>
         <value>0x10bcc</value>
         <object_component_ref idref="oc-44c"/>
      </symbol>
      <symbol id="sm-51d">
         <name>__mspabi_mpyi_f5hw</name>
         <value>0x10ed2</value>
         <object_component_ref idref="oc-56b"/>
      </symbol>
      <symbol id="sm-532">
         <name>_abort_msg</name>
         <value>0x10e9e</value>
         <object_component_ref idref="oc-565"/>
      </symbol>
      <symbol id="sm-542">
         <name>_c_int00_noargs_mpu</name>
         <value>0x8592</value>
         <object_component_ref idref="oc-493"/>
      </symbol>
      <symbol id="sm-543">
         <name>_stack</name>
         <value>0x3f60</value>
         <object_component_ref idref="oc-43a"/>
      </symbol>
      <symbol id="sm-544">
         <name>_reset_vector</name>
         <value>0xfffe</value>
         <object_component_ref idref="oc-43d"/>
      </symbol>
      <symbol id="sm-552">
         <name>__mpu_init</name>
         <value>0x10c88</value>
         <object_component_ref idref="oc-4de"/>
      </symbol>
      <symbol id="sm-575">
         <name>__TI_auto_init_nobinit_nopinit_hold_wdt</name>
         <value>0x10650</value>
         <object_component_ref idref="oc-53d"/>
      </symbol>
      <symbol id="sm-585">
         <name>__TI_tmpnams</name>
         <value>0x214e</value>
      </symbol>
      <symbol id="sm-586">
         <name>_ftable</name>
         <value>0x2078</value>
         <object_component_ref idref="oc-5a4"/>
      </symbol>
      <symbol id="sm-587">
         <name>__TI_ft_end</name>
         <value>0x2148</value>
         <object_component_ref idref="oc-60d"/>
      </symbol>
      <symbol id="sm-590">
         <name>_system_post_cinit</name>
         <value>0x10f70</value>
         <object_component_ref idref="oc-583"/>
      </symbol>
      <symbol id="sm-599">
         <name>_system_pre_init</name>
         <value>0x10f6a</value>
         <object_component_ref idref="oc-4c6"/>
      </symbol>
      <symbol id="sm-5b6">
         <name>C$$EXIT</name>
         <value>0x10f64</value>
         <object_component_ref idref="oc-519"/>
      </symbol>
      <symbol id="sm-5b7">
         <name>abort</name>
         <value>0x10f64</value>
         <object_component_ref idref="oc-519"/>
      </symbol>
      <symbol id="sm-5b8">
         <name>__TI_enable_exit_profile_output</name>
         <value>0x214a</value>
         <object_component_ref idref="oc-572"/>
      </symbol>
      <symbol id="sm-5b9">
         <name>exit</name>
         <value>0x10afc</value>
         <object_component_ref idref="oc-51f"/>
      </symbol>
      <symbol id="sm-5c8">
         <name>__TI_dtors_ptr</name>
         <value>0x213c</value>
         <object_component_ref idref="oc-578"/>
      </symbol>
      <symbol id="sm-5c9">
         <name>__TI_cleanup_ptr</name>
         <value>0x2138</value>
         <object_component_ref idref="oc-57b"/>
      </symbol>
      <symbol id="sm-5df">
         <name>_nop</name>
         <value>0x10f6e</value>
         <object_component_ref idref="oc-5b8"/>
      </symbol>
      <symbol id="sm-5e0">
         <name>_lock</name>
         <value>0x2140</value>
         <object_component_ref idref="oc-575"/>
      </symbol>
      <symbol id="sm-5e1">
         <name>_unlock</name>
         <value>0x2144</value>
         <object_component_ref idref="oc-57e"/>
      </symbol>
      <symbol id="sm-5fe">
         <name>__TI_doflush</name>
         <value>0x10858</value>
         <object_component_ref idref="oc-5fa"/>
      </symbol>
      <symbol id="sm-5ff">
         <name>fflush</name>
         <value>0x10978</value>
         <object_component_ref idref="oc-5ad"/>
      </symbol>
      <symbol id="sm-617">
         <name>fputs</name>
         <value>0x101de</value>
         <object_component_ref idref="oc-5a7"/>
      </symbol>
      <symbol id="sm-62f">
         <name>__TI_wrt_ok</name>
         <value>0x1056c</value>
         <object_component_ref idref="oc-5e8"/>
      </symbol>
      <symbol id="sm-644">
         <name>fseek</name>
         <value>0x106ba</value>
         <object_component_ref idref="oc-629"/>
      </symbol>
      <symbol id="sm-656">
         <name>lseek</name>
         <value>0x10e38</value>
         <object_component_ref idref="oc-649"/>
      </symbol>
      <symbol id="sm-665">
         <name>_stream</name>
         <value>0x20f0</value>
         <object_component_ref idref="oc-63c"/>
      </symbol>
      <symbol id="sm-666">
         <name>_device</name>
         <value>0x2000</value>
         <object_component_ref idref="oc-670"/>
      </symbol>
      <symbol id="sm-672">
         <name>HOSTclose</name>
         <value>0x10b44</value>
         <object_component_ref idref="oc-6a9"/>
      </symbol>
      <symbol id="sm-67e">
         <name>HOSTlseek</name>
         <value>0x104ea</value>
         <object_component_ref idref="oc-6bb"/>
      </symbol>
      <symbol id="sm-68c">
         <name>parmbuf</name>
         <value>0x2202</value>
      </symbol>
      <symbol id="sm-68d">
         <name>HOSTopen</name>
         <value>0x107f4</value>
         <object_component_ref idref="oc-6a3"/>
      </symbol>
      <symbol id="sm-69a">
         <name>HOSTread</name>
         <value>0x1091a</value>
         <object_component_ref idref="oc-6af"/>
      </symbol>
      <symbol id="sm-6a6">
         <name>HOSTrename</name>
         <value>0x105e6</value>
         <object_component_ref idref="oc-6c7"/>
      </symbol>
      <symbol id="sm-6b2">
         <name>HOSTunlink</name>
         <value>0x10b8a</value>
         <object_component_ref idref="oc-6c1"/>
      </symbol>
      <symbol id="sm-6bf">
         <name>HOSTwrite</name>
         <value>0x108ba</value>
         <object_component_ref idref="oc-6b5"/>
      </symbol>
      <symbol id="sm-6dd">
         <name>__TI_readmsg</name>
         <value>0x10d8e</value>
         <object_component_ref idref="oc-6fa"/>
      </symbol>
      <symbol id="sm-6de">
         <name>C$$IO$$</name>
         <value>0x10d5c</value>
         <object_component_ref idref="oc-6f4"/>
      </symbol>
      <symbol id="sm-6df">
         <name>_CIOBUF_</name>
         <value>0x8000</value>
         <object_component_ref idref="oc-72b"/>
      </symbol>
      <symbol id="sm-6e0">
         <name>__TI_writemsg</name>
         <value>0x10d32</value>
         <object_component_ref idref="oc-6f4"/>
      </symbol>
      <symbol id="sm-6e8">
         <name>__mspabi_slll_9</name>
         <value>0x10c62</value>
         <object_component_ref idref="oc-707"/>
      </symbol>
      <symbol id="sm-6e9">
         <name>__mspabi_slll_8</name>
         <value>0x10c66</value>
         <object_component_ref idref="oc-707"/>
      </symbol>
      <symbol id="sm-6ea">
         <name>__mspabi_slll_7</name>
         <value>0x10c6a</value>
         <object_component_ref idref="oc-707"/>
      </symbol>
      <symbol id="sm-6eb">
         <name>__mspabi_slll_6</name>
         <value>0x10c6e</value>
         <object_component_ref idref="oc-707"/>
      </symbol>
      <symbol id="sm-6ec">
         <name>__mspabi_slll_5</name>
         <value>0x10c72</value>
         <object_component_ref idref="oc-707"/>
      </symbol>
      <symbol id="sm-6ed">
         <name>__mspabi_slll_4</name>
         <value>0x10c76</value>
         <object_component_ref idref="oc-707"/>
      </symbol>
      <symbol id="sm-6ee">
         <name>__mspabi_slll_3</name>
         <value>0x10c7a</value>
         <object_component_ref idref="oc-707"/>
      </symbol>
      <symbol id="sm-6ef">
         <name>__mspabi_slll_2</name>
         <value>0x10c7e</value>
         <object_component_ref idref="oc-707"/>
      </symbol>
      <symbol id="sm-6f0">
         <name>__mspabi_slll_1</name>
         <value>0x10c82</value>
         <object_component_ref idref="oc-707"/>
      </symbol>
      <symbol id="sm-6f1">
         <name>__mspabi_slll_15</name>
         <value>0x10c4a</value>
         <object_component_ref idref="oc-707"/>
      </symbol>
      <symbol id="sm-6f2">
         <name>__mspabi_slll_14</name>
         <value>0x10c4e</value>
         <object_component_ref idref="oc-707"/>
      </symbol>
      <symbol id="sm-6f3">
         <name>__mspabi_slll_13</name>
         <value>0x10c52</value>
         <object_component_ref idref="oc-707"/>
      </symbol>
      <symbol id="sm-6f4">
         <name>__mspabi_slll_12</name>
         <value>0x10c56</value>
         <object_component_ref idref="oc-707"/>
      </symbol>
      <symbol id="sm-6f5">
         <name>__mspabi_slll_11</name>
         <value>0x10c5a</value>
         <object_component_ref idref="oc-707"/>
      </symbol>
      <symbol id="sm-6f6">
         <name>__mspabi_slll_10</name>
         <value>0x10c5e</value>
         <object_component_ref idref="oc-707"/>
      </symbol>
      <symbol id="sm-705">
         <name>memchr</name>
         <value>0x10f18</value>
         <object_component_ref idref="oc-5f4"/>
      </symbol>
      <symbol id="sm-713">
         <name>memcpy</name>
         <value>0x10f2c</value>
         <object_component_ref idref="oc-5d7"/>
      </symbol>
      <symbol id="sm-72b">
         <name>setvbuf</name>
         <value>0x1038e</value>
         <object_component_ref idref="oc-62f"/>
      </symbol>
      <symbol id="sm-73c">
         <name>__TI_cleanup</name>
         <value>0x10d00</value>
         <object_component_ref idref="oc-65d"/>
      </symbol>
      <symbol id="sm-74d">
         <name>__TI_closefile</name>
         <value>0x10724</value>
         <object_component_ref idref="oc-69a"/>
      </symbol>
      <symbol id="sm-75f">
         <name>close</name>
         <value>0x10a20</value>
         <object_component_ref idref="oc-6e2"/>
      </symbol>
      <symbol id="sm-7d8">
         <name>_sys_memory</name>
         <value>0x8120</value>
         <object_component_ref idref="oc-43e"/>
      </symbol>
      <symbol id="sm-7d9">
         <name>free</name>
         <value>0x102bc</value>
         <object_component_ref idref="oc-651"/>
      </symbol>
      <symbol id="sm-7da">
         <name>memalign</name>
         <value>0x10000</value>
         <object_component_ref idref="oc-693"/>
      </symbol>
      <symbol id="sm-7db">
         <name>malloc</name>
         <value>0x10f5c</value>
         <object_component_ref idref="oc-657"/>
      </symbol>
      <symbol id="sm-7dc">
         <name>aligned_alloc</name>
         <value>0x10000</value>
         <object_component_ref idref="oc-693"/>
      </symbol>
      <symbol id="sm-802">
         <name>finddevice</name>
         <value>0x10d60</value>
         <object_component_ref idref="oc-74e"/>
      </symbol>
      <symbol id="sm-803">
         <name>getdevice</name>
         <value>0x109cc</value>
         <object_component_ref idref="oc-71f"/>
      </symbol>
      <symbol id="sm-813">
         <name>strchr</name>
         <value>0x10eb8</value>
         <object_component_ref idref="oc-742"/>
      </symbol>
      <symbol id="sm-821">
         <name>strcmp</name>
         <value>0x10eea</value>
         <object_component_ref idref="oc-767"/>
      </symbol>
      <symbol id="sm-82e">
         <name>strcpy</name>
         <value>0x10f3e</value>
         <object_component_ref idref="oc-710"/>
      </symbol>
      <symbol id="sm-83b">
         <name>strlen</name>
         <value>0x10f4e</value>
         <object_component_ref idref="oc-5ee"/>
      </symbol>
      <symbol id="sm-84b">
         <name>strncpy</name>
         <value>0x10dba</value>
         <object_component_ref idref="oc-748"/>
      </symbol>
      <symbol id="sm-857">
         <name>unlink</name>
         <value>0x10de6</value>
         <object_component_ref idref="oc-6e9"/>
      </symbol>
      <symbol id="sm-864">
         <name>write</name>
         <value>0x10e5e</value>
         <object_component_ref idref="oc-600"/>
      </symbol>
      <symbol id="sm-86b">
         <name>remove</name>
         <value>0x10de6</value>
      </symbol>
   </symbol_table>
   <title>Link successful</title>
</link_info>
